May 30 18:26:22 localhost systemd[1]: Started Load Kernel Modules.
May 30 18:26:22 localhost kernel: [    0.000000] Linux version 4.9.0-6-amd64 (debian-kernel@lists.debian.org) (gcc version 6.3.0 20170516 (Debian 6.3.0-18+deb9u1) ) #1 SMP Debian 4.9.88-1 (2018-04-29)
May 30 18:26:22 localhost systemd[1]: Started Remount Root and Kernel File Systems.
May 30 18:26:22 localhost kernel: [    0.000000] Command line: BOOT_IMAGE=/boot/vmlinuz-4.9.0-6-amd64 root=UUID=6a9a4c17-d9ce-45cf-8566-d4ec544c3ce5 ro net.ifnames=0 biosdevname=0 console=ttyS0,38400n8 elevator=noop scsi_mod.use_blk_mq=Y
May 30 18:26:22 localhost kernel: [    0.000000] x86/fpu: Supporting XSAVE feature 0x001: 'x87 floating point registers'
May 30 18:26:22 localhost kernel: [    0.000000] x86/fpu: Supporting XSAVE feature 0x002: 'SSE registers'
May 30 18:26:22 localhost systemd[1]: Started Create list of required static device nodes for the current kernel.
May 30 18:26:22 localhost kernel: [    0.000000] x86/fpu: Supporting XSAVE feature 0x004: 'AVX registers'
May 30 18:26:22 localhost systemd[1]: Starting Create Static Device Nodes in /dev...
May 30 18:26:22 localhost kernel: [    0.000000] x86/fpu: Supporting XSAVE feature 0x008: 'MPX bounds registers'
May 30 18:26:22 localhost kernel: [    0.000000] x86/fpu: Supporting XSAVE feature 0x010: 'MPX CSR'
May 30 18:26:22 localhost kernel: [    0.000000] x86/fpu: Supporting XSAVE feature 0x020: 'AVX-512 opmask'
May 30 18:26:22 localhost kernel: [    0.000000] x86/fpu: Supporting XSAVE feature 0x040: 'AVX-512 Hi256'
May 30 18:26:22 localhost systemd[1]: Starting Load/Save Random Seed...
May 30 18:26:22 localhost kernel: [    0.000000] x86/fpu: Supporting XSAVE feature 0x080: 'AVX-512 ZMM_Hi256'
May 30 18:26:22 localhost kernel: [    0.000000] x86/fpu: xstate_offset[2]:  576, xstate_sizes[2]:  256
May 30 18:26:22 localhost kernel: [    0.000000] x86/fpu: xstate_offset[3]:  832, xstate_sizes[3]:   64
May 30 18:26:22 localhost kernel: [    0.000000] x86/fpu: xstate_offset[4]:  896, xstate_sizes[4]:   64
May 30 18:26:22 localhost kernel: [    0.000000] x86/fpu: xstate_offset[5]:  960, xstate_sizes[5]:   64
May 30 18:26:22 localhost kernel: [    0.000000] x86/fpu: xstate_offset[6]: 1024, xstate_sizes[6]:  512
May 30 18:26:22 localhost kernel: [    0.000000] x86/fpu: xstate_offset[7]: 1536, xstate_sizes[7]: 1024
May 30 18:26:22 localhost kernel: [    0.000000] x86/fpu: Enabled xstate features 0xff, context size is 2560 bytes, using 'compacted' format.
May 30 18:26:22 localhost kernel: [    0.000000] x86/fpu: Using 'eager' FPU context switches.
May 30 18:26:22 localhost systemd[1]: Starting udev Coldplug all Devices...
May 30 18:26:22 localhost kernel: [    0.000000] e820: BIOS-provided physical RAM map:
May 30 18:26:22 localhost systemd[1]: Starting Apply Kernel Variables...
May 30 18:26:22 localhost systemd[1]: Starting Flush Journal to Persistent Storage...
May 30 18:26:22 localhost systemd[1]: Started Apply Kernel Variables.
May 30 18:26:22 localhost systemd[1]: Started Load/Save Random Seed.
May 30 18:26:22 localhost systemd[1]: Started Flush Journal to Persistent Storage.
May 30 18:26:22 localhost kernel: [    0.000000] BIOS-e820: [mem 0x0000000000000000-0x000000000009fbff] usable
May 30 18:26:22 localhost systemd[1]: Started udev Coldplug all Devices.
May 30 18:26:22 localhost kernel: [    0.000000] BIOS-e820: [mem 0x000000000009fc00-0x000000000009ffff] reserved
May 30 18:26:22 localhost kernel: [    0.000000] BIOS-e820: [mem 0x00000000000f0000-0x00000000000fffff] reserved
May 30 18:26:22 localhost kernel: [    0.000000] BIOS-e820: [mem 0x0000000000100000-0x00000000bfff2fff] usable
May 30 18:26:22 localhost kernel: [    0.000000] BIOS-e820: [mem 0x00000000bfff3000-0x00000000bfffffff] reserved
May 30 18:26:22 localhost kernel: [    0.000000] BIOS-e820: [mem 0x00000000fffbc000-0x00000000ffffffff] reserved
May 30 18:26:22 localhost systemd[1]: Started Create Static Device Nodes in /dev.
May 30 18:26:22 localhost kernel: [    0.000000] BIOS-e820: [mem 0x0000000100000000-0x00000003ffffffff] usable
May 30 18:26:22 localhost kernel: [    0.000000] NX (Execute Disable) protection: active
May 30 18:26:22 localhost kernel: [    0.000000] SMBIOS 2.4 present.
May 30 18:26:22 localhost kernel: [    0.000000] DMI: Google Google Compute Engine/Google Compute Engine, BIOS Google 01/01/2011
May 30 18:26:22 localhost kernel: [    0.000000] Hypervisor detected: KVM
May 30 18:26:22 localhost systemd[1]: Reached target Local File Systems (Pre).
May 30 18:26:22 localhost kernel: [    0.000000] e820: update [mem 0x00000000-0x00000fff] usable ==> reserved
May 30 18:26:22 localhost systemd[1]: Reached target Local File Systems.
May 30 18:26:22 localhost kernel: [    0.000000] e820: remove [mem 0x000a0000-0x000fffff] usable
May 30 18:26:22 localhost kernel: [    0.000000] e820: last_pfn = 0x400000 max_arch_pfn = 0x400000000
May 30 18:26:22 localhost kernel: [    0.000000] MTRR default type: write-back
May 30 18:26:22 localhost kernel: [    0.000000] MTRR fixed ranges enabled:
May 30 18:26:22 localhost kernel: [    0.000000]   00000-9FFFF write-back
May 30 18:26:22 localhost kernel: [    0.000000]   A0000-BFFFF uncachable
May 30 18:26:22 localhost kernel: [    0.000000]   C0000-FFFFF write-protect
May 30 18:26:22 localhost systemd[1]: Starting Raise network interfaces...
May 30 18:26:22 localhost kernel: [    0.000000] MTRR variable ranges enabled:
May 30 18:26:22 localhost kernel: [    0.000000]   0 base 0000C0000000 mask 3FFFC0000000 uncachable
May 30 18:26:22 localhost kernel: [    0.000000]   1 disabled
May 30 18:26:22 localhost kernel: [    0.000000]   2 disabled
May 30 18:26:22 localhost kernel: [    0.000000]   3 disabled
May 30 18:26:22 localhost systemd[1]: Starting Create Volatile Files and Directories...
May 30 18:26:22 localhost kernel: [    0.000000]   4 disabled
May 30 18:26:22 localhost kernel: [    0.000000]   5 disabled
May 30 18:26:22 localhost kernel: [    0.000000]   6 disabled
May 30 18:26:22 localhost kernel: [    0.000000]   7 disabled
May 30 18:26:22 localhost kernel: [    0.000000] x86/PAT: Configuration [0-7]: WB  WC  UC- UC  WB  WC  UC- WT  
May 30 18:26:22 localhost kernel: [    0.000000] e820: last_pfn = 0xbfff3 max_arch_pfn = 0x400000000
May 30 18:26:22 localhost systemd[1]: Starting udev Kernel Device Manager...
May 30 18:26:22 localhost kernel: [    0.000000] found SMP MP-table at [mem 0x000f27b0-0x000f27bf] mapped at [ffff9b39c00f27b0]
May 30 18:26:22 localhost kernel: [    0.000000] Base memory trampoline at [ffff9b39c0099000] 99000 size 24576
May 30 18:26:22 localhost kernel: [    0.000000] Using GB pages for direct mapping
May 30 18:26:22 localhost systemd-udevd[470]: Network interface NamePolicy= disabled on kernel command line, ignoring.
May 30 18:26:22 localhost kernel: [    0.000000] BRK [0x83739000, 0x83739fff] PGTABLE
May 30 18:26:22 localhost kernel: [    0.000000] BRK [0x8373a000, 0x8373afff] PGTABLE
May 30 18:26:22 localhost kernel: [    0.000000] BRK [0x8373b000, 0x8373bfff] PGTABLE
May 30 18:26:22 localhost kernel: [    0.000000] BRK [0x8373c000, 0x8373cfff] PGTABLE
May 30 18:26:22 localhost kernel: [    0.000000] RAMDISK: [mem 0x35d61000-0x36ea7fff]
May 30 18:26:22 localhost systemd[1]: Started udev Kernel Device Manager.
May 30 18:26:22 localhost kernel: [    0.000000] ACPI: Early table checksum verification disabled
May 30 18:26:22 localhost systemd[1]: Found device /dev/ttyS0.
May 30 18:26:22 localhost kernel: [    0.000000] ACPI: RSDP 0x00000000000F2770 000014 (v00 Google)
May 30 18:26:22 localhost systemd[1]: Started Create Volatile Files and Directories.
May 30 18:26:22 localhost kernel: [    0.000000] ACPI: RSDT 0x00000000BFFF3430 000038 (v01 Google GOOGRSDT 00000001 GOOG 00000001)
May 30 18:26:22 localhost kernel: [    0.000000] ACPI: FACP 0x00000000BFFFCF60 0000F4 (v02 Google GOOGFACP 00000001 GOOG 00000001)
May 30 18:26:22 localhost kernel: [    0.000000] ACPI: DSDT 0x00000000BFFF3470 0017B2 (v01 Google GOOGDSDT 00000001 GOOG 00000001)
May 30 18:26:22 localhost kernel: [    0.000000] ACPI: FACS 0x00000000BFFFCF00 000040
May 30 18:26:22 localhost systemd[1]: Reached target System Time Synchronized.
May 30 18:26:22 localhost kernel: [    0.000000] ACPI: FACS 0x00000000BFFFCF00 000040
May 30 18:26:22 localhost systemd[1]: Starting Update UTMP about System Boot/Shutdown...
May 30 18:26:22 localhost kernel: [    0.000000] ACPI: SSDT 0x00000000BFFF65F0 00690D (v01 Google GOOGSSDT 00000001 GOOG 00000001)
May 30 18:26:22 localhost systemd[1]: Started Update UTMP about System Boot/Shutdown.
May 30 18:26:22 localhost kernel: [    0.000000] ACPI: APIC 0x00000000BFFF5D10 000086 (v01 Google GOOGAPIC 00000001 GOOG 00000001)
May 30 18:26:22 localhost kernel: [    0.000000] ACPI: WAET 0x00000000BFFF5CE0 000028 (v01 Google GOOGWAET 00000001 GOOG 00000001)
May 30 18:26:22 localhost kernel: [    0.000000] ACPI: SRAT 0x00000000BFFF4C30 0000E8 (v01 Google GOOGSRAT 00000001 GOOG 00000001)
May 30 18:26:22 localhost kernel: [    0.000000] ACPI: Local APIC address 0xfee00000
May 30 18:26:22 localhost kernel: [    0.000000] SRAT: PXM 0 -> APIC 0x00 -> Node 0
May 30 18:26:22 localhost kernel: [    0.000000] SRAT: PXM 0 -> APIC 0x01 -> Node 0
May 30 18:26:22 localhost systemd[1]: Reached target System Initialization.
May 30 18:26:22 localhost kernel: [    0.000000] SRAT: PXM 0 -> APIC 0x02 -> Node 0
May 30 18:26:22 localhost systemd[1]: Listening on UUID daemon activation socket.
May 30 18:26:22 localhost kernel: [    0.000000] SRAT: PXM 0 -> APIC 0x03 -> Node 0
May 30 18:26:22 localhost kernel: [    0.000000] ACPI: SRAT: Node 0 PXM 0 [mem 0x00000000-0x0009ffff]
May 30 18:26:22 localhost kernel: [    0.000000] ACPI: SRAT: Node 0 PXM 0 [mem 0x00100000-0xbfffffff]
May 30 18:26:22 localhost kernel: [    0.000000] ACPI: SRAT: Node 0 PXM 0 [mem 0x100000000-0x3ffffffff]
May 30 18:26:22 localhost kernel: [    0.000000] NUMA: Node 0 [mem 0x00000000-0x0009ffff] + [mem 0x00100000-0xbfffffff] -> [mem 0x00000000-0xbfffffff]
May 30 18:26:22 localhost systemd[1]: Listening on ACPID Listen Socket.
May 30 18:26:22 localhost kernel: [    0.000000] NUMA: Node 0 [mem 0x00000000-0xbfffffff] + [mem 0x100000000-0x3ffffffff] -> [mem 0x00000000-0x3ffffffff]
May 30 18:26:22 localhost systemd[1]: Started Daily Cleanup of Temporary Directories.
May 30 18:26:22 localhost kernel: [    0.000000] NODE_DATA(0) allocated [mem 0x3ffff9000-0x3ffffdfff]
May 30 18:26:22 localhost systemd[1]: apt-daily.timer: Adding 5h 37min 41.743207s random time.
May 30 18:26:22 localhost kernel: [    0.000000] kvm-clock: Using msrs 4b564d01 and 4b564d00
May 30 18:26:22 localhost kernel: [    0.000000] kvm-clock: cpu 0, msr 3:ffff1001, primary cpu clock
May 30 18:26:22 localhost kernel: [    0.000000] kvm-clock: using sched offset of 2815599382 cycles
May 30 18:26:22 localhost kernel: [    0.000000] clocksource: kvm-clock: mask: 0xffffffffffffffff max_cycles: 0x1cd42e4dffb, max_idle_ns: 881590591483 ns
May 30 18:26:22 localhost systemd[1]: Started Daily apt download activities.
May 30 18:26:22 localhost kernel: [    0.000000] Zone ranges:
May 30 18:26:22 localhost kernel: [    0.000000]   DMA      [mem 0x0000000000001000-0x0000000000ffffff]
May 30 18:26:22 localhost systemd[1]: apt-daily-upgrade.timer: Adding 24min 3.654206s random time.
May 30 18:26:22 localhost kernel: [    0.000000]   DMA32    [mem 0x0000000001000000-0x00000000ffffffff]
May 30 18:26:22 localhost kernel: [    0.000000]   Normal   [mem 0x0000000100000000-0x00000003ffffffff]
May 30 18:26:22 localhost kernel: [    0.000000]   Device   empty
May 30 18:26:22 localhost kernel: [    0.000000] Movable zone start for each node
May 30 18:26:22 localhost kernel: [    0.000000] Early memory node ranges
May 30 18:26:22 localhost systemd[1]: Started Daily apt upgrade and clean activities.
May 30 18:26:22 localhost kernel: [    0.000000]   node   0: [mem 0x0000000000001000-0x000000000009efff]
May 30 18:26:22 localhost kernel: [    0.000000]   node   0: [mem 0x0000000000100000-0x00000000bfff2fff]
May 30 18:26:22 localhost systemd[1]: Reached target Timers.
May 30 18:26:22 localhost kernel: [    0.000000]   node   0: [mem 0x0000000100000000-0x00000003ffffffff]
May 30 18:26:22 localhost kernel: [    0.000000] Initmem setup node 0 [mem 0x0000000000001000-0x00000003ffffffff]
May 30 18:26:22 localhost kernel: [    0.000000] On node 0 totalpages: 3932049
May 30 18:26:22 localhost kernel: [    0.000000]   DMA zone: 64 pages used for memmap
May 30 18:26:22 localhost systemd[1]: Started ACPI Events Check.
May 30 18:26:22 localhost kernel: [    0.000000]   DMA zone: 21 pages reserved
May 30 18:26:22 localhost kernel: [    0.000000]   DMA zone: 3998 pages, LIFO batch:0
May 30 18:26:22 localhost kernel: [    0.000000]   DMA32 zone: 12224 pages used for memmap
May 30 18:26:22 localhost kernel: [    0.000000]   DMA32 zone: 782323 pages, LIFO batch:31
May 30 18:26:22 localhost kernel: [    0.000000]   Normal zone: 49152 pages used for memmap
May 30 18:26:22 localhost systemd[1]: Reached target Paths.
May 30 18:26:22 localhost kernel: [    0.000000]   Normal zone: 3145728 pages, LIFO batch:31
May 30 18:26:22 localhost systemd[1]: Listening on D-Bus System Message Bus Socket.
May 30 18:26:22 localhost kernel: [    0.000000] ACPI: PM-Timer IO Port: 0xb008
May 30 18:26:22 localhost kernel: [    0.000000] ACPI: Local APIC address 0xfee00000
May 30 18:26:22 localhost kernel: [    0.000000] ACPI: LAPIC_NMI (acpi_id[0xff] dfl dfl lint[0x1])
May 30 18:26:22 localhost kernel: [    0.000000] IOAPIC[0]: apic_id 0, version 17, address 0xfec00000, GSI 0-23
May 30 18:26:22 localhost kernel: [    0.000000] ACPI: INT_SRC_OVR (bus 0 bus_irq 5 global_irq 5 high level)
May 30 18:26:22 localhost kernel: [    0.000000] ACPI: INT_SRC_OVR (bus 0 bus_irq 9 global_irq 9 high level)
May 30 18:26:22 localhost kernel: [    0.000000] ACPI: INT_SRC_OVR (bus 0 bus_irq 10 global_irq 10 high level)
May 30 18:26:22 localhost systemd[1]: Reached target Sockets.
May 30 18:26:22 localhost kernel: [    0.000000] ACPI: INT_SRC_OVR (bus 0 bus_irq 11 global_irq 11 high level)
May 30 18:26:22 localhost kernel: [    0.000000] ACPI: IRQ5 used by override.
May 30 18:26:22 localhost kernel: [    0.000000] ACPI: IRQ9 used by override.
May 30 18:26:22 localhost systemd[1]: Reached target Basic System.
May 30 18:26:22 localhost kernel: [    0.000000] ACPI: IRQ10 used by override.
May 30 18:26:22 localhost kernel: [    0.000000] ACPI: IRQ11 used by override.
May 30 18:26:22 localhost kernel: [    0.000000] Using ACPI (MADT) for SMP configuration information
May 30 18:26:22 localhost kernel: [    0.000000] smpboot: Allowing 4 CPUs, 0 hotplug CPUs
May 30 18:26:22 localhost systemd[1]: Starting Expand the root partition and filesystem on boot...
May 30 18:26:22 localhost kernel: [    0.000000] PM: Registered nosave memory: [mem 0x00000000-0x00000fff]
May 30 18:26:22 localhost systemd[1]: Started Regular background program processing daemon.
May 30 18:26:22 localhost cron[511]: (CRON) INFO (pidfile fd = 3)
May 30 18:26:22 localhost cron[511]: (CRON) INFO (Running @reboot jobs)
May 30 18:26:22 localhost systemd[1]: Started D-Bus System Message Bus.
May 30 18:26:22 localhost expand-root.sh[508]: Growing partition /dev/sda1
May 30 18:26:22 localhost systemd[1]: Starting System Logging Service...
May 30 18:26:22 localhost systemd[1]: Starting Google C2D startup config...
May 30 18:26:22 localhost c2d-startup[518]: --> Running: /opt/c2d/scripts/00-manage-swap
May 30 18:26:22 localhost systemd[1]: Started ACPI event daemon.
May 30 18:26:22 localhost systemd[1]: Starting Login Service...
May 30 18:26:22 localhost systemd[1]: Starting OpenBSD Secure Shell server Host Key Generation...
May 30 18:26:22 localhost acpid: starting up with netlink and the input layer
May 30 18:26:22 localhost acpid: 1 rule loaded
May 30 18:26:22 localhost acpid: waiting for events: event logging is off
May 30 18:26:22 localhost systemd[1]: Started Login Service.
May 30 18:26:22 localhost kernel: [    0.000000] PM: Registered nosave memory: [mem 0x0009f000-0x0009ffff]
May 30 18:26:22 localhost kernel: [    0.000000] PM: Registered nosave memory: [mem 0x000a0000-0x000effff]
May 30 18:26:22 localhost kernel: [    0.000000] PM: Registered nosave memory: [mem 0x000f0000-0x000fffff]
May 30 18:26:22 localhost kernel: [    0.000000] PM: Registered nosave memory: [mem 0xbfff3000-0xbfffffff]
May 30 18:26:22 localhost kernel: [    0.000000] PM: Registered nosave memory: [mem 0xc0000000-0xfffbbfff]
May 30 18:26:22 localhost kernel: [    0.000000] PM: Registered nosave memory: [mem 0xfffbc000-0xffffffff]
May 30 18:26:22 localhost c2d-startup[518]: swap not enabled: available memory over 1048576 or not enough free space on disk.
May 30 18:26:22 localhost kernel: [    0.000000] e820: [mem 0xc0000000-0xfffbbfff] available for PCI devices
May 30 18:26:22 localhost kernel: [    0.000000] Booting paravirtualized kernel on KVM
May 30 18:26:22 localhost kernel: [    0.000000] clocksource: refined-jiffies: mask: 0xffffffff max_cycles: 0xffffffff, max_idle_ns: 7645519600211568 ns
May 30 18:26:22 localhost c2d-startup[518]: --> /opt/c2d/scripts/00-manage-swap, exit_code=0/SUCCESS
May 30 18:26:22 localhost ssh-generate-hostkeys: -----BEGIN SSH HOST KEY FINGERPRINTS-----
May 30 18:26:22 localhost kernel: [    0.000000] setup_percpu: NR_CPUS:512 nr_cpumask_bits:512 nr_cpu_ids:4 nr_node_ids:1
May 30 18:26:22 localhost kernel: [    0.000000] percpu: Embedded 35 pages/cpu @ffff9b3dbfc00000 s105304 r8192 d29864 u524288
May 30 18:26:22 localhost kernel: [    0.000000] pcpu-alloc: s105304 r8192 d29864 u524288 alloc=1*2097152
May 30 18:26:22 localhost liblogging-stdlog:  [origin software="rsyslogd" swVersion="8.24.0" x-pid="517" x-info="http://www.rsyslog.com"] start
May 30 18:26:22 localhost systemd[1]: Started System Logging Service.
May 30 18:26:22 localhost kernel: [    0.000000] pcpu-alloc: [0] 0 1 2 3 
May 30 18:26:22 localhost kernel: [    0.000000] Built 1 zonelists in Node order, mobility grouping on.  Total pages: 3870588
May 30 18:26:22 localhost kernel: [    0.000000] Policy zone: Normal
May 30 18:26:22 localhost kernel: [    0.000000] Kernel command line: BOOT_IMAGE=/boot/vmlinuz-4.9.0-6-amd64 root=UUID=6a9a4c17-d9ce-45cf-8566-d4ec544c3ce5 ro net.ifnames=0 biosdevname=0 console=ttyS0,38400n8 elevator=noop scsi_mod.use_blk_mq=Y
May 30 18:26:22 localhost kernel: [    0.000000] PID hash table entries: 4096 (order: 3, 32768 bytes)
May 30 18:26:22 localhost kernel: [    0.000000] Calgary: detecting Calgary via BIOS EBDA area
May 30 18:26:22 localhost kernel: [    0.000000] Calgary: Unable to locate Rio Grande table in EBDA - bailing!
May 30 18:26:22 localhost kernel: [    0.000000] Memory: 15382392K/15728196K available (6240K kernel code, 1159K rwdata, 2868K rodata, 1416K init, 688K bss, 345804K reserved, 0K cma-reserved)
May 30 18:26:22 localhost kernel: [    0.000000] Kernel/User page tables isolation: enabled
May 30 18:26:22 localhost kernel: [    0.000000] Hierarchical RCU implementation.
May 30 18:26:22 localhost kernel: [    0.000000] 	Build-time adjustment of leaf fanout to 64.
May 30 18:26:22 localhost kernel: [    0.000000] 	RCU restricting CPUs from NR_CPUS=512 to nr_cpu_ids=4.
May 30 18:26:22 localhost kernel: [    0.000000] RCU: Adjusting geometry for rcu_fanout_leaf=64, nr_cpu_ids=4
May 30 18:26:22 localhost kernel: [    0.000000] NR_IRQS:33024 nr_irqs:456 16
May 30 18:26:22 localhost kernel: [    0.000000] Console: colour VGA+ 80x25
May 30 18:26:22 localhost kernel: [    0.000000] console [ttyS0] enabled
May 30 18:26:22 localhost kernel: [    0.000000] tsc: Detected 2000.162 MHz processor
May 30 18:26:22 localhost kernel: [    0.325833] Calibrating delay loop (skipped) preset value.. 4000.32 BogoMIPS (lpj=8000648)
May 30 18:26:22 localhost kernel: [    0.327420] pid_max: default: 32768 minimum: 301
May 30 18:26:22 localhost kernel: [    0.328151] ACPI: Core revision 20160831
May 30 18:26:22 localhost kernel: [    0.334681] ACPI: 2 ACPI AML tables successfully acquired and loaded
May 30 18:26:22 localhost kernel: [    0.336025] Security Framework initialized
May 30 18:26:22 localhost kernel: [    0.336637] Yama: disabled by default; enable with sysctl kernel.yama.*
May 30 18:26:22 localhost kernel: [    0.337746] AppArmor: AppArmor disabled by boot time parameter
May 30 18:26:22 localhost kernel: [    0.341015] Dentry cache hash table entries: 2097152 (order: 12, 16777216 bytes)
May 30 18:26:22 localhost kernel: [    0.350912] Inode-cache hash table entries: 1048576 (order: 11, 8388608 bytes)
May 30 18:26:22 localhost kernel: [    0.355523] Mount-cache hash table entries: 32768 (order: 6, 262144 bytes)
May 30 18:26:22 localhost kernel: [    0.356931] Mountpoint-cache hash table entries: 32768 (order: 6, 262144 bytes)
May 30 18:26:22 localhost kernel: [    0.358905] CPU: Physical Processor ID: 0
May 30 18:26:22 localhost kernel: [    0.359556] CPU: Processor Core ID: 0
May 30 18:26:22 localhost kernel: [    0.360322] mce: CPU supports 32 MCE banks
May 30 18:26:22 localhost kernel: [    0.361605] Last level iTLB entries: 4KB 64, 2MB 8, 4MB 8
May 30 18:26:22 localhost kernel: [    0.362546] Last level dTLB entries: 4KB 64, 2MB 0, 4MB 0, 1GB 4
May 30 18:26:22 localhost kernel: [    0.363692] Spectre V2 : Mitigation: Full generic retpoline
May 30 18:26:22 localhost kernel: [    0.364482] Spectre V2 : Spectre v2 mitigation: Filling RSB on context switch
May 30 18:26:22 localhost kernel: [    0.367775] Freeing SMP alternatives memory: 24K
May 30 18:26:22 localhost kernel: [    0.375059] ftrace: allocating 25239 entries in 99 pages
May 30 18:26:22 localhost kernel: [    0.423335] smpboot: Max logical packages: 2
May 30 18:26:22 localhost kernel: [    0.425388] x2apic enabled
May 30 18:26:22 localhost kernel: [    0.427787] Switched APIC routing to physical x2apic.
May 30 18:26:22 localhost kernel: [    0.431418] ..TIMER: vector=0x30 apic1=0 pin1=0 apic2=-1 pin2=-1
May 30 18:26:22 localhost kernel: [    0.536986] smpboot: CPU0: Intel(R) Xeon(R) CPU @ 2.00GHz (family: 0x6, model: 0x55, stepping: 0x3)
May 30 18:26:22 localhost kernel: [    0.538858] Performance Events: unsupported p6 CPU model 85 no PMU driver, software events only.
May 30 18:26:22 localhost kernel: [    0.542011] x86: Booting SMP configuration:
May 30 18:26:22 localhost kernel: [    0.542614] .... node  #0, CPUs:      #1
May 30 18:26:22 localhost kernel: [    0.543402] kvm-clock: cpu 1, msr 3:ffff1041, secondary cpu clock
May 30 18:26:22 localhost kernel: [    0.546847]  #2<6>[    0.547247] kvm-clock: cpu 2, msr 3:ffff1081, secondary cpu clock
May 30 18:26:22 localhost kernel: [    0.551041]  #3<6>[    0.551483] kvm-clock: cpu 3, msr 3:ffff10c1, secondary cpu clock
May 30 18:26:22 localhost kernel: [    0.554868] x86: Booted up 1 node, 4 CPUs
May 30 18:26:22 localhost kernel: [    0.555599] smpboot: Total of 4 processors activated (16001.29 BogoMIPS)
May 30 18:26:22 localhost kernel: [    0.558543] devtmpfs: initialized
May 30 18:26:22 localhost kernel: [    0.559369] x86/mm: Memory block size: 128MB
May 30 18:26:22 localhost kernel: [    0.563115] clocksource: jiffies: mask: 0xffffffff max_cycles: 0xffffffff, max_idle_ns: 7645041785100000 ns
May 30 18:26:22 localhost kernel: [    0.564532] futex hash table entries: 1024 (order: 4, 65536 bytes)
May 30 18:26:22 localhost kernel: [    0.566221] pinctrl core: initialized pinctrl subsystem
May 30 18:26:22 localhost kernel: [    0.568581] NET: Registered protocol family 16
May 30 18:26:22 localhost kernel: [    0.581014] cpuidle: using governor ladder
May 30 18:26:22 localhost kernel: [    0.597014] cpuidle: using governor menu
May 30 18:26:22 localhost kernel: [    0.598070] ACPI: bus type PCI registered
May 30 18:26:22 localhost kernel: [    0.598788] acpiphp: ACPI Hot Plug PCI Controller Driver version: 0.5
May 30 18:26:22 localhost kernel: [    0.600236] PCI: Using configuration type 1 for base access
May 30 18:26:22 localhost kernel: [    0.613425] HugeTLB registered 1 GB page size, pre-allocated 0 pages
May 30 18:26:22 localhost kernel: [    0.614696] HugeTLB registered 2 MB page size, pre-allocated 0 pages
May 30 18:26:22 localhost kernel: [    0.617526] ACPI: Added _OSI(Module Device)
May 30 18:26:22 localhost kernel: [    0.618335] ACPI: Added _OSI(Processor Device)
May 30 18:26:22 localhost kernel: [    0.619083] ACPI: Added _OSI(3.0 _SCP Extensions)
May 30 18:26:22 localhost kernel: [    0.620205] ACPI: Added _OSI(Processor Aggregator Device)
May 30 18:26:22 localhost kernel: [    0.621991] ACPI: Executed 2 blocks of module-level executable AML code
May 30 18:26:22 localhost kernel: [    0.652508] ACPI: Interpreter enabled
May 30 18:26:22 localhost kernel: [    0.653355] ACPI: (supports S0 S3 S4 S5)
May 30 18:26:22 localhost kernel: [    0.654179] ACPI: Using IOAPIC for interrupt routing
May 30 18:26:22 localhost kernel: [    0.655451] PCI: Using host bridge windows from ACPI; if necessary, use "pci=nocrs" and report a bug
May 30 18:26:22 localhost kernel: [    0.690858] ACPI: PCI Root Bridge [PCI0] (domain 0000 [bus 00-ff])
May 30 18:26:22 localhost kernel: [    0.692089] acpi PNP0A03:00: _OSC: OS supports [ASPM ClockPM Segments MSI]
May 30 18:26:22 localhost kernel: [    0.693403] acpi PNP0A03:00: _OSC failed (AE_NOT_FOUND); disabling ASPM
May 30 18:26:22 localhost kernel: [    0.694623] acpi PNP0A03:00: fail to add MMCONFIG information, can't access extended PCI configuration space under this bridge.
May 30 18:26:22 localhost kernel: [    0.697276] PCI host bridge to bus 0000:00
May 30 18:26:22 localhost kernel: [    0.697883] pci_bus 0000:00: root bus resource [io  0x0000-0x0cf7 window]
May 30 18:26:22 localhost kernel: [    0.699008] pci_bus 0000:00: root bus resource [io  0x0d00-0xffff window]
May 30 18:26:22 localhost kernel: [    0.700103] pci_bus 0000:00: root bus resource [mem 0x000a0000-0x000bffff window]
May 30 18:26:22 localhost kernel: [    0.701267] pci_bus 0000:00: root bus resource [mem 0xc0000000-0xfebfffff window]
May 30 18:26:22 localhost kernel: [    0.702347] pci_bus 0000:00: root bus resource [bus 00-ff]
May 30 18:26:22 localhost kernel: [    0.703394] pci 0000:00:00.0: [8086:1237] type 00 class 0x060000
May 30 18:26:22 localhost kernel: [    0.703836] pci 0000:00:01.0: [8086:7110] type 00 class 0x060100
May 30 18:26:22 localhost kernel: [    0.720316] pci 0000:00:01.3: [8086:7113] type 00 class 0x068000
May 30 18:26:22 localhost kernel: [    0.737122] pci 0000:00:01.3: quirk: [io  0xb000-0xb03f] claimed by PIIX4 ACPI
May 30 18:26:22 localhost kernel: [    0.739461] pci 0000:00:03.0: [1af4:1004] type 00 class 0x000000
May 30 18:26:22 localhost kernel: [    0.745306] pci 0000:00:03.0: reg 0x10: [io  0xc000-0xc03f]
May 30 18:26:22 localhost kernel: [    0.750569] pci 0000:00:03.0: reg 0x14: [mem 0xfebfe000-0xfebfe07f]
May 30 18:26:22 localhost kernel: [    0.767816] pci 0000:00:04.0: [1af4:1000] type 00 class 0x020000
May 30 18:26:22 localhost kernel: [    0.774028] pci 0000:00:04.0: reg 0x10: [io  0xc040-0xc07f]
May 30 18:26:22 localhost kernel: [    0.779429] pci 0000:00:04.0: reg 0x14: [mem 0xfebff000-0xfebff0ff]
May 30 18:26:22 localhost kernel: [    0.799000] ACPI: PCI Interrupt Link [LNKA] (IRQs 5 *10 11)
May 30 18:26:22 localhost kernel: [    0.802560] ACPI: PCI Interrupt Link [LNKB] (IRQs 5 *10 11)
May 30 18:26:22 localhost kernel: [    0.805457] ACPI: PCI Interrupt Link [LNKC] (IRQs 5 10 *11)
May 30 18:26:22 localhost kernel: [    0.808458] ACPI: PCI Interrupt Link [LNKD] (IRQs 5 10 *11)
May 30 18:26:22 localhost kernel: [    0.811109] ACPI: PCI Interrupt Link [LNKS] (IRQs *9)
May 30 18:26:22 localhost kernel: [    0.835019] ACPI: Enabled 16 GPEs in block 00 to 0F
May 30 18:26:22 localhost kernel: [    0.836522] vgaarb: loaded
May 30 18:26:22 localhost kernel: [    0.837285] PCI: Using ACPI for IRQ routing
May 30 18:26:22 localhost kernel: [    0.837949] PCI: pci_cache_line_size set to 64 bytes
May 30 18:26:22 localhost kernel: [    0.838054] e820: reserve RAM buffer [mem 0x0009fc00-0x0009ffff]
May 30 18:26:22 localhost kernel: [    0.838056] e820: reserve RAM buffer [mem 0xbfff3000-0xbfffffff]
May 30 18:26:22 localhost kernel: [    0.838352] clocksource: Switched to clocksource kvm-clock
May 30 18:26:22 localhost kernel: [    0.849310] VFS: Disk quotas dquot_6.6.0
May 30 18:26:22 localhost kernel: [    0.850094] VFS: Dquot-cache hash table entries: 512 (order 0, 4096 bytes)
May 30 18:26:22 localhost kernel: [    0.851535] pnp: PnP ACPI init
May 30 18:26:22 localhost kernel: [    0.852072] pnp 00:00: Plug and Play ACPI device, IDs PNP0b00 (active)
May 30 18:26:22 localhost kernel: [    0.852145] pnp 00:01: Plug and Play ACPI device, IDs PNP0303 (active)
May 30 18:26:22 localhost kernel: [    0.852193] pnp 00:02: Plug and Play ACPI device, IDs PNP0f13 (active)
May 30 18:26:22 localhost kernel: [    0.852256] pnp 00:03: Plug and Play ACPI device, IDs PNP0501 (active)
May 30 18:26:22 localhost kernel: [    0.852304] pnp 00:04: Plug and Play ACPI device, IDs PNP0501 (active)
May 30 18:26:22 localhost kernel: [    0.852350] pnp 00:05: Plug and Play ACPI device, IDs PNP0501 (active)
May 30 18:26:22 localhost kernel: [    0.852397] pnp 00:06: Plug and Play ACPI device, IDs PNP0501 (active)
May 30 18:26:22 localhost kernel: [    0.852591] pnp: PnP ACPI: found 7 devices
May 30 18:26:22 localhost kernel: [    0.860886] clocksource: acpi_pm: mask: 0xffffff max_cycles: 0xffffff, max_idle_ns: 2085701024 ns
May 30 18:26:22 localhost kernel: [    0.862693] pci_bus 0000:00: resource 4 [io  0x0000-0x0cf7 window]
May 30 18:26:22 localhost kernel: [    0.862695] pci_bus 0000:00: resource 5 [io  0x0d00-0xffff window]
May 30 18:26:22 localhost kernel: [    0.862696] pci_bus 0000:00: resource 6 [mem 0x000a0000-0x000bffff window]
May 30 18:26:22 localhost kernel: [    0.862697] pci_bus 0000:00: resource 7 [mem 0xc0000000-0xfebfffff window]
May 30 18:26:22 localhost kernel: [    0.863041] NET: Registered protocol family 2
May 30 18:26:22 localhost kernel: [    0.864173] TCP established hash table entries: 131072 (order: 8, 1048576 bytes)
May 30 18:26:22 localhost kernel: [    0.866587] TCP bind hash table entries: 65536 (order: 8, 1048576 bytes)
May 30 18:26:22 localhost kernel: [    0.867958] TCP: Hash tables configured (established 131072 bind 65536)
May 30 18:26:22 localhost kernel: [    0.869275] UDP hash table entries: 8192 (order: 6, 262144 bytes)
May 30 18:26:22 localhost kernel: [    0.870407] UDP-Lite hash table entries: 8192 (order: 6, 262144 bytes)
May 30 18:26:22 localhost kernel: [    0.871634] NET: Registered protocol family 1
May 30 18:26:22 localhost kernel: [    0.872280] pci 0000:00:00.0: Limiting direct PCI/PCI transfers
May 30 18:26:22 localhost kernel: [    0.873201] PCI: CLS 0 bytes, default 64
May 30 18:26:22 localhost kernel: [    0.873287] Unpacking initramfs...
May 30 18:26:22 localhost kernel: [    1.214832] Freeing initrd memory: 17692K
May 30 18:26:22 localhost kernel: [    1.216882] PCI-DMA: Using software bounce buffering for IO (SWIOTLB)
May 30 18:26:22 localhost kernel: [    1.218010] software IO TLB [mem 0xbbff3000-0xbfff3000] (64MB) mapped at [ffff9b3a7bff3000-ffff9b3a7fff2fff]
May 30 18:26:22 localhost kernel: [    1.220228] audit: initializing netlink subsys (disabled)
May 30 18:26:22 localhost kernel: [    1.221201] audit: type=2000 audit(1527704776.889:1): initialized
May 30 18:26:22 localhost kernel: [    1.222608] workingset: timestamp_bits=40 max_order=22 bucket_order=0
May 30 18:26:22 localhost kernel: [    1.224026] zbud: loaded
May 30 18:26:22 localhost kernel: [    1.226577] Block layer SCSI generic (bsg) driver version 0.4 loaded (major 250)
May 30 18:26:22 localhost kernel: [    1.228258] io scheduler noop registered (default)
May 30 18:26:22 localhost kernel: [    1.229045] io scheduler deadline registered
May 30 18:26:22 localhost kernel: [    1.229692] io scheduler cfq registered
May 30 18:26:22 localhost kernel: [    1.230412] pci_hotplug: PCI Hot Plug PCI Core version: 0.5
May 30 18:26:22 localhost kernel: [    1.231741] pciehp: PCI Express Hot Plug Controller Driver version: 0.4
May 30 18:26:22 localhost kernel: [    1.232904] intel_idle: does not run on family 6 model 85
May 30 18:26:22 localhost kernel: [    1.233148] GHES: HEST is not enabled!
May 30 18:26:22 localhost kernel: [    1.233950] Serial: 8250/16550 driver, 4 ports, IRQ sharing enabled
May 30 18:26:22 localhost kernel: [    1.256704] 00:03: ttyS0 at I/O 0x3f8 (irq = 4, base_baud = 115200) is a 16550A
May 30 18:26:22 localhost kernel: [    1.279860] 00:04: ttyS1 at I/O 0x2f8 (irq = 3, base_baud = 115200) is a 16550A
May 30 18:26:22 localhost kernel: [    1.303830] 00:05: ttyS2 at I/O 0x3e8 (irq = 6, base_baud = 115200) is a 16550A
May 30 18:26:22 localhost kernel: [    1.327427] 00:06: ttyS3 at I/O 0x2e8 (irq = 7, base_baud = 115200) is a 16550A
May 30 18:26:22 localhost kernel: [    1.329315] Linux agpgart interface v0.103
May 30 18:26:22 localhost kernel: [    1.330529] AMD IOMMUv2 driver by Joerg Roedel <jroedel@suse.de>
May 30 18:26:22 localhost kernel: [    1.331762] AMD IOMMUv2 functionality not available on this system
May 30 18:26:22 localhost kernel: [    1.333254] i8042: PNP: PS/2 Controller [PNP0303:KBD,PNP0f13:MOU] at 0x60,0x64 irq 1,12
May 30 18:26:22 localhost kernel: [    1.336546] i8042: Warning: Keylock active
May 30 18:26:22 localhost kernel: [    1.338250] serio: i8042 KBD port at 0x60,0x64 irq 1
May 30 18:26:22 localhost kernel: [    1.339462] serio: i8042 AUX port at 0x60,0x64 irq 12
May 30 18:26:22 localhost kernel: [    1.340988] mousedev: PS/2 mouse device common for all mice
May 30 18:26:22 localhost kernel: [    1.342662] rtc_cmos 00:00: RTC can wake from S4
May 30 18:26:22 localhost kernel: [    1.343937] rtc_cmos 00:00: rtc core: registered rtc_cmos as rtc0
May 30 18:26:22 localhost kernel: [    1.345215] rtc_cmos 00:00: alarms up to one day, 114 bytes nvram
May 30 18:26:22 localhost kernel: [    1.346503] ledtrig-cpu: registered to indicate activity on CPUs
May 30 18:26:22 localhost kernel: [    1.349366] NET: Registered protocol family 10
May 30 18:26:22 localhost kernel: [    1.350905] mip6: Mobile IPv6
May 30 18:26:22 localhost kernel: [    1.351630] NET: Registered protocol family 17
May 30 18:26:22 localhost kernel: [    1.352806] mpls_gso: MPLS GSO support
May 30 18:26:22 localhost kernel: [    1.354115] registered taskstats version 1
May 30 18:26:22 localhost kernel: [    1.355342] zswap: loaded using pool lzo/zbud
May 30 18:26:22 localhost kernel: [    1.356587] ima: No TPM chip found, activating TPM-bypass!
May 30 18:26:22 localhost kernel: [    1.357887] rtc_cmos 00:00: setting system clock to 2018-05-30 18:26:17 UTC (1527704777)
May 30 18:26:22 localhost kernel: [    1.359752] PM: Hibernation image not present or could not be loaded.
May 30 18:26:22 localhost kernel: [    1.361372] Freeing unused kernel memory: 1416K
May 30 18:26:22 localhost kernel: [    1.362324] Write protecting the kernel read-only data: 12288k
May 30 18:26:22 localhost kernel: [    1.364051] Freeing unused kernel memory: 1936K
May 30 18:26:22 localhost kernel: [    1.366794] Freeing unused kernel memory: 1228K
May 30 18:26:22 localhost kernel: [    1.371744] x86/mm: Checked W+X mappings: passed, no W+X pages found.
May 30 18:26:22 localhost kernel: [    1.389150] random: systemd-udevd: uninitialized urandom read (16 bytes read)
May 30 18:26:22 localhost kernel: [    1.390169] random: udevadm: uninitialized urandom read (16 bytes read)
May 30 18:26:22 localhost kernel: [    1.390203] random: udevadm: uninitialized urandom read (16 bytes read)
May 30 18:26:22 localhost kernel: [    1.390666] random: udevadm: uninitialized urandom read (16 bytes read)
May 30 18:26:22 localhost kernel: [    1.390715] random: udevadm: uninitialized urandom read (16 bytes read)
May 30 18:26:22 localhost kernel: [    1.390726] random: udevadm: uninitialized urandom read (16 bytes read)
May 30 18:26:22 localhost kernel: [    1.390908] random: udevadm: uninitialized urandom read (16 bytes read)
May 30 18:26:22 localhost kernel: [    1.390949] random: udevadm: uninitialized urandom read (16 bytes read)
May 30 18:26:22 localhost kernel: [    1.391012] random: udevadm: uninitialized urandom read (16 bytes read)
May 30 18:26:22 localhost kernel: [    1.391056] random: udevadm: uninitialized urandom read (16 bytes read)
May 30 18:26:22 localhost kernel: [    1.430242] piix4_smbus 0000:00:01.3: SMBus base address uninitialized - upgrade BIOS or use force_addr=0xaddr
May 30 18:26:22 localhost kernel: [    1.437284] ACPI: PCI Interrupt Link [LNKC] enabled at IRQ 11
May 30 18:26:22 localhost kernel: [    1.438744] virtio-pci 0000:00:03.0: virtio_pci: leaving for legacy driver
May 30 18:26:22 localhost kernel: [    1.446230] ACPI: PCI Interrupt Link [LNKD] enabled at IRQ 10
May 30 18:26:22 localhost kernel: [    1.447945] virtio-pci 0000:00:04.0: virtio_pci: leaving for legacy driver
May 30 18:26:22 localhost kernel: [    1.466024] AVX2 version of gcm_enc/dec engaged.
May 30 18:26:22 localhost kernel: [    1.467126] AES CTR mode by8 optimization enabled
May 30 18:26:22 localhost kernel: [    1.468243] SCSI subsystem initialized
May 30 18:26:22 localhost kernel: [    1.506090] scsi host0: Virtio SCSI HBA
May 30 18:26:22 localhost kernel: [    1.520958] scsi 0:0:1:0: Direct-Access     Google   PersistentDisk   1    PQ: 0 ANSI: 6
May 30 18:26:22 localhost kernel: [    1.546709] input: AT Translated Set 2 keyboard as /devices/platform/i8042/serio0/input/input0
May 30 18:26:22 localhost kernel: [    1.573329] random: fast init done
May 30 18:26:22 localhost kernel: [    1.591276] sd 0:0:1:0: [sda] 52428800 512-byte logical blocks: (26.8 GB/25.0 GiB)
May 30 18:26:22 localhost kernel: [    1.592654] sd 0:0:1:0: [sda] 4096-byte physical blocks
May 30 18:26:22 localhost kernel: [    1.594104] sd 0:0:1:0: [sda] Write Protect is off
May 30 18:26:22 localhost kernel: [    1.595276] sd 0:0:1:0: [sda] Mode Sense: 1f 00 00 08
May 30 18:26:22 localhost kernel: [    1.595422] sd 0:0:1:0: [sda] Write cache: enabled, read cache: enabled, doesn't support DPO or FUA
May 30 18:26:22 localhost kernel: [    1.598402]  sda: sda1
May 30 18:26:22 localhost kernel: [    1.599654] sd 0:0:1:0: [sda] Attached SCSI disk
May 30 18:26:22 localhost kernel: [    2.172642] EXT4-fs (sda1): mounted filesystem with ordered data mode. Opts: (null)
May 30 18:26:22 localhost kernel: [    2.199418] input: ImExPS/2 Generic Explorer Mouse as /devices/platform/i8042/serio1/input/input2
May 30 18:26:22 localhost kernel: [    2.246423] tsc: Refined TSC clocksource calibration: 1999.999 MHz
May 30 18:26:22 localhost kernel: [    2.247612] clocksource: tsc: mask: 0xffffffffffffffff max_cycles: 0x39a85afc727, max_idle_ns: 881590685098 ns
May 30 18:26:22 localhost kernel: [    3.881421] ip_tables: (C) 2000-2006 Netfilter Core Team
May 30 18:26:22 localhost kernel: [    5.021430] EXT4-fs (sda1): re-mounted. Opts: (null)
May 30 18:26:22 localhost kernel: [    5.961118] input: Power Button as /devices/LNXSYSTM:00/LNXPWRBN:00/input/input3
May 30 18:26:22 localhost kernel: [    5.964050] ACPI: Power Button [PWRF]
May 30 18:26:22 localhost kernel: [    5.964950] input: Sleep Button as /devices/LNXSYSTM:00/LNXSLPBN:00/input/input4
May 30 18:26:22 localhost kernel: [    5.966543] ACPI: Sleep Button [SLPF]
May 30 18:26:22 localhost kernel: [    5.988404] RAPL PMU: API unit is 2^-32 Joules, 3 fixed counters, 10737418240 ms ovfl timer
May 30 18:26:22 localhost kernel: [    5.990136] RAPL PMU: hw unit of domain pp0-core 2^-0 Joules
May 30 18:26:22 localhost kernel: [    5.991435] RAPL PMU: hw unit of domain package 2^-0 Joules
May 30 18:26:22 localhost kernel: [    5.992623] RAPL PMU: hw unit of domain dram 2^-16 Joules
May 30 18:26:22 localhost kernel: [    6.157367] sd 0:0:1:0: Attached scsi generic sg0 type 0
May 30 18:26:22 localhost kernel: [    6.179230] EDAC MC: Ver: 3.0.0
May 30 18:26:22 localhost c2d-startup[518]: --> Running: /opt/c2d/scripts/01-jenkins
May 30 18:26:22 localhost expand-root.sh[508]: CHANGED: partition=1 start=4096 old: size=20967424 end=20971520 new: size=52424671,end=52428767
May 30 18:26:23 localhost expand-root.sh[508]: Resizing ext4 filesystem on /dev/sda1
May 30 18:26:23 localhost expand-root.sh[508]: resize2fs 1.43.4 (31-Jan-2017)
May 30 18:26:23 localhost kernel: [    6.980741] EXT4-fs (sda1): resizing filesystem from 2620928 to 6553083 blocks
May 30 18:26:23 localhost dhclient[581]: Internet Systems Consortium DHCP Client 4.3.5
May 30 18:26:23 localhost ifup[527]: Internet Systems Consortium DHCP Client 4.3.5
May 30 18:26:23 localhost ifup[527]: Copyright 2004-2016 Internet Systems Consortium.
May 30 18:26:23 localhost ifup[527]: All rights reserved.
May 30 18:26:23 localhost ifup[527]: For info, please visit https://www.isc.org/software/dhcp/
May 30 18:26:23 localhost dhclient[581]: Copyright 2004-2016 Internet Systems Consortium.
May 30 18:26:23 localhost dhclient[581]: All rights reserved.
May 30 18:26:23 localhost dhclient[581]: For info, please visit https://www.isc.org/software/dhcp/
May 30 18:26:23 localhost dhclient[581]: 
May 30 18:26:23 localhost ssh-generate-hostkeys[525]: /etc/ssh/ssh_host_ecdsa_key.pub is not a public key file.
May 30 18:26:23 localhost ssh-generate-hostkeys[525]: /etc/ssh/ssh_host_ed25519_key.pub is not a public key file.
May 30 18:26:23 localhost ssh-generate-hostkeys[525]: /etc/ssh/ssh_host_rsa_key.pub is not a public key file.
May 30 18:26:23 localhost ssh-generate-hostkeys: ------END SSH HOST KEY FINGERPRINTS------
May 30 18:26:23 localhost systemd[1]: Started OpenBSD Secure Shell server Host Key Generation.
May 30 18:26:23 localhost dhclient[581]: Listening on LPF/eth0/42:01:0a:a4:00:02
May 30 18:26:23 localhost ifup[527]: Listening on LPF/eth0/42:01:0a:a4:00:02
May 30 18:26:23 localhost ifup[527]: Sending on   LPF/eth0/42:01:0a:a4:00:02
May 30 18:26:23 localhost ifup[527]: Sending on   Socket/fallback
May 30 18:26:23 localhost ifup[527]: DHCPDISCOVER on eth0 to 255.255.255.255 port 67 interval 4
May 30 18:26:23 localhost dhclient[581]: Sending on   LPF/eth0/42:01:0a:a4:00:02
May 30 18:26:23 localhost ifup[527]: DHCPREQUEST of 10.164.0.2 on eth0 to 255.255.255.255 port 67
May 30 18:26:23 localhost ifup[527]: DHCPOFFER of 10.164.0.2 from 169.254.169.254
May 30 18:26:23 localhost ifup[527]: DHCPACK of 10.164.0.2 from 169.254.169.254
May 30 18:26:23 localhost dhclient[581]: Sending on   Socket/fallback
May 30 18:26:23 localhost dhclient[581]: DHCPDISCOVER on eth0 to 255.255.255.255 port 67 interval 4
May 30 18:26:23 localhost dhclient[581]: DHCPREQUEST of 10.164.0.2 on eth0 to 255.255.255.255 port 67
May 30 18:26:23 localhost dhclient[581]: DHCPOFFER of 10.164.0.2 from 169.254.169.254
May 30 18:26:23 localhost dhclient[581]: DHCPACK of 10.164.0.2 from 169.254.169.254
May 30 18:26:23 jenkins-1-vm systemd[1]: Stopping System Logging Service...
May 30 18:26:23 jenkins-1-vm liblogging-stdlog:  [origin software="rsyslogd" swVersion="8.24.0" x-pid="517" x-info="http://www.rsyslog.com"] exiting on signal 15.
May 30 18:26:23 jenkins-1-vm systemd[1]: Stopped System Logging Service.
May 30 18:26:23 jenkins-1-vm systemd[1]: Starting System Logging Service...
May 30 18:26:23 jenkins-1-vm liblogging-stdlog:  [origin software="rsyslogd" swVersion="8.24.0" x-pid="643" x-info="http://www.rsyslog.com"] start
May 30 18:26:23 jenkins-1-vm kernel: [    7.228547] random: crng init done
May 30 18:26:23 jenkins-1-vm systemd[1]: Started System Logging Service.
May 30 18:26:23 jenkins-1-vm dhclient[581]: bound to 10.164.0.2 -- renewal in 36099 seconds.
May 30 18:26:23 jenkins-1-vm ifup[527]: bound to 10.164.0.2 -- renewal in 36099 seconds.
May 30 18:26:23 jenkins-1-vm systemd[1]: Started Raise network interfaces.
May 30 18:26:23 jenkins-1-vm systemd[1]: Reached target Network.
May 30 18:26:23 jenkins-1-vm systemd[1]: Reached target Network is Online.
May 30 18:26:23 jenkins-1-vm systemd[1]: Starting Daily apt download activities...
May 30 18:26:23 jenkins-1-vm kernel: [    7.517204] EXT4-fs (sda1): resized filesystem to 6553083
May 30 18:26:23 jenkins-1-vm systemd[1]: Starting LSB: Start NTP daemon...
May 30 18:26:23 jenkins-1-vm systemd[1]: Starting LSB: Start Jenkins at boot time...
May 30 18:26:23 jenkins-1-vm expand-root.sh[508]: Filesystem at /dev/sda1 is mounted on /; on-line resizing required
May 30 18:26:23 jenkins-1-vm expand-root.sh[508]: old_desc_blocks = 2, new_desc_blocks = 4
May 30 18:26:23 jenkins-1-vm expand-root.sh[508]: The filesystem on /dev/sda1 is now 6553083 (4k) blocks long.
May 30 18:26:23 jenkins-1-vm systemd[1]: Starting The Apache HTTP Server...
May 30 18:26:23 jenkins-1-vm systemd[1]: Starting Permit User Sessions...
May 30 18:26:23 jenkins-1-vm systemd[1]: Starting Google Compute Engine Instance Setup...
May 30 18:26:23 jenkins-1-vm systemd[1]: Started Unattended Upgrades Shutdown.
May 30 18:26:23 jenkins-1-vm systemd[1]: Started Expand the root partition and filesystem on boot.
May 30 18:26:23 jenkins-1-vm systemd[1]: Started Permit User Sessions.
May 30 18:26:23 jenkins-1-vm systemd[1]: Started Getty on tty1.
May 30 18:26:23 jenkins-1-vm systemd[1]: Started Serial Getty on ttyS0.
May 30 18:26:23 jenkins-1-vm systemd[1]: Reached target Login Prompts.
May 30 18:26:23 jenkins-1-vm ntpd[722]: ntpd 4.2.8p10@1.3728-o Sun Feb 25 21:22:55 UTC 2018 (1): Starting
May 30 18:26:23 jenkins-1-vm ntpd[722]: Command line: /usr/sbin/ntpd -p /var/run/ntpd.pid -g -c /run/ntp.conf.dhcp -u 106:110
May 30 18:26:23 jenkins-1-vm ntp[701]: Starting NTP server: ntpd.
May 30 18:26:23 jenkins-1-vm systemd[1]: Started LSB: Start NTP daemon.
May 30 18:26:23 jenkins-1-vm ntpd[768]: proto: precision = 0.062 usec (-24)
May 30 18:26:23 jenkins-1-vm systemd[1]: Stopped LSB: Start Jenkins at boot time.
May 30 18:26:23 jenkins-1-vm systemd[1]: Starting LSB: Start Jenkins at boot time...
May 30 18:26:23 jenkins-1-vm ntpd[768]: Listen and drop on 0 v6wildcard [::]:123
May 30 18:26:23 jenkins-1-vm ntpd[768]: Listen and drop on 1 v4wildcard 0.0.0.0:123
May 30 18:26:23 jenkins-1-vm ntpd[768]: Listen normally on 2 lo 127.0.0.1:123
May 30 18:26:23 jenkins-1-vm ntpd[768]: Listen normally on 3 eth0 10.164.0.2:123
May 30 18:26:23 jenkins-1-vm ntpd[768]: Listen normally on 4 lo [::1]:123
May 30 18:26:23 jenkins-1-vm ntpd[768]: bind(21) AF_INET6 fe80::4001:aff:fea4:2%2#123 flags 0x11 failed: Cannot assign requested address
May 30 18:26:23 jenkins-1-vm ntpd[768]: unable to create socket on eth0 (5) for fe80::4001:aff:fea4:2%2#123
May 30 18:26:23 jenkins-1-vm ntpd[768]: failed to init interface for address fe80::4001:aff:fea4:2%2
May 30 18:26:23 jenkins-1-vm ntpd[768]: Listening on routing socket on fd #21 for interface updates
May 30 18:26:24 jenkins-1-vm jenkins[702]: Starting Jenkins Automation Server: jenkins
May 30 18:26:24 jenkins-1-vm jenkins: jenkins: fatal: failed to become a daemon: Resource temporarily unavailable
May 30 18:26:24 jenkins-1-vm systemd[1]: Started The Apache HTTP Server.
May 30 18:26:25 jenkins-1-vm jenkins[771]: Starting Jenkins Automation Server: jenkins.
May 30 18:26:25 jenkins-1-vm systemd[1]: Started LSB: Start Jenkins at boot time.
May 30 18:26:25 jenkins-1-vm c2d-startup[518]: --> /opt/c2d/scripts/01-jenkins, exit_code=0/SUCCESS
May 30 18:26:25 jenkins-1-vm c2d-startup[518]: Posting software startup success status
May 30 18:26:25 jenkins-1-vm instance-setup: INFO Generating SSH host keys for instance 2605196060118962770.
May 30 18:26:25 jenkins-1-vm instance-setup: INFO Generating SSH key /etc/ssh/ssh_host_ed25519_key.
May 30 18:26:25 jenkins-1-vm instance-setup: INFO Generating SSH key /etc/ssh/ssh_host_rsa_key.
May 30 18:26:25 jenkins-1-vm c2d-startup[518]: {
May 30 18:26:25 jenkins-1-vm c2d-startup[518]:   "name": "projects/veter3000-205314/configs/jenkins-1-config/variables/status/success/jenkins-1-vm",
May 30 18:26:25 jenkins-1-vm c2d-startup[518]:   "updateTime": "2018-05-30T18:26:25.342454032Z",
May 30 18:26:25 jenkins-1-vm c2d-startup[518]:   "value": "c3VjY2Vzcw=="
May 30 18:26:25 jenkins-1-vm c2d-startup[518]: }
May 30 18:26:25 jenkins-1-vm instance-setup: INFO Generating SSH key /etc/ssh/ssh_host_ecdsa_key.
May 30 18:26:25 jenkins-1-vm c2d-startup[518]: Removed /etc/systemd/system/multi-user.target.wants/google-c2d-startup.service.
May 30 18:26:25 jenkins-1-vm systemd[1]: Reloading.
May 30 18:26:25 jenkins-1-vm instance-setup: INFO Running set_multiqueue.
May 30 18:26:25 jenkins-1-vm c2d-startup[518]: Google C2D startup config results: SUCCESSES=2 FAILURES=0
May 30 18:26:25 jenkins-1-vm systemd[1]: Started Google C2D startup config.
May 30 18:26:25 jenkins-1-vm instance-setup: INFO Set channels for eth0 to 4.
May 30 18:26:25 jenkins-1-vm instance-setup: INFO Setting /proc/irq/25/smp_affinity_list to 0 for device virtio1.
May 30 18:26:25 jenkins-1-vm instance-setup: INFO /proc/irq/25/smp_affinity_list: real affinity 0
May 30 18:26:25 jenkins-1-vm instance-setup: INFO Setting /proc/irq/26/smp_affinity_list to 0 for device virtio1.
May 30 18:26:25 jenkins-1-vm instance-setup: INFO /proc/irq/26/smp_affinity_list: real affinity 0
May 30 18:26:25 jenkins-1-vm instance-setup: INFO Setting /proc/irq/27/smp_affinity_list to 1 for device virtio1.
May 30 18:26:25 jenkins-1-vm instance-setup: INFO /proc/irq/27/smp_affinity_list: real affinity 1
May 30 18:26:25 jenkins-1-vm instance-setup: INFO Setting /proc/irq/28/smp_affinity_list to 1 for device virtio1.
May 30 18:26:25 jenkins-1-vm instance-setup: INFO /proc/irq/28/smp_affinity_list: real affinity 1
May 30 18:26:25 jenkins-1-vm instance-setup: INFO Setting /proc/irq/29/smp_affinity_list to 2 for device virtio1.
May 30 18:26:25 jenkins-1-vm instance-setup: INFO /proc/irq/29/smp_affinity_list: real affinity 2
May 30 18:26:25 jenkins-1-vm instance-setup: INFO Setting /proc/irq/30/smp_affinity_list to 2 for device virtio1.
May 30 18:26:25 jenkins-1-vm instance-setup: INFO /proc/irq/30/smp_affinity_list: real affinity 2
May 30 18:26:25 jenkins-1-vm instance-setup: INFO Setting /proc/irq/31/smp_affinity_list to 3 for device virtio1.
May 30 18:26:25 jenkins-1-vm instance-setup: INFO /proc/irq/31/smp_affinity_list: real affinity 3
May 30 18:26:25 jenkins-1-vm instance-setup: INFO Setting /proc/irq/32/smp_affinity_list to 3 for device virtio1.
May 30 18:26:25 jenkins-1-vm instance-setup: INFO /proc/irq/32/smp_affinity_list: real affinity 3
May 30 18:26:25 jenkins-1-vm instance-setup: INFO Queue 0 XPS=1 for /sys/class/net/eth0/queues/tx-0/xps_cpus
May 30 18:26:25 jenkins-1-vm instance-setup: INFO Queue 1 XPS=2 for /sys/class/net/eth0/queues/tx-1/xps_cpus
May 30 18:26:25 jenkins-1-vm instance-setup: INFO Queue 2 XPS=4 for /sys/class/net/eth0/queues/tx-2/xps_cpus
May 30 18:26:25 jenkins-1-vm instance-setup: INFO Queue 3 XPS=8 for /sys/class/net/eth0/queues/tx-3/xps_cpus
May 30 18:26:25 jenkins-1-vm ntpd[768]: Listen normally on 6 eth0 [fe80::4001:aff:fea4:2%2]:123
May 30 18:26:25 jenkins-1-vm systemd[1]: Started Google Compute Engine Instance Setup.
May 30 18:26:25 jenkins-1-vm systemd[1]: Started Google Compute Engine Network Daemon.
May 30 18:26:25 jenkins-1-vm systemd[1]: Started Google Compute Engine Clock Skew Daemon.
May 30 18:26:25 jenkins-1-vm systemd[1]: Starting OpenBSD Secure Shell server...
May 30 18:26:25 jenkins-1-vm systemd[1]: Starting Google Compute Engine Shutdown Scripts...
May 30 18:26:25 jenkins-1-vm systemd[1]: Started Google Compute Engine Accounts Daemon.
May 30 18:26:25 jenkins-1-vm systemd[1]: Starting Google Compute Engine Startup Scripts...
May 30 18:26:25 jenkins-1-vm systemd[1]: Started Google Compute Engine Shutdown Scripts.
May 30 18:26:26 jenkins-1-vm systemd[1]: Started OpenBSD Secure Shell server.
May 30 18:26:26 jenkins-1-vm google-clock-skew: INFO Starting Google Clock Skew daemon.
May 30 18:26:26 jenkins-1-vm google-clock-skew: INFO Clock drift token has changed: 0.
May 30 18:26:26 jenkins-1-vm systemd[1]: Time has been changed
May 30 18:26:26 jenkins-1-vm google-clock-skew: INFO Synced system time with hardware clock.
May 30 18:26:26 jenkins-1-vm google-accounts: INFO Starting Google Accounts daemon.
May 30 18:26:26 jenkins-1-vm startup-script: INFO Starting startup scripts.
May 30 18:26:26 jenkins-1-vm startup-script: INFO No startup scripts found in metadata.
May 30 18:26:26 jenkins-1-vm startup-script: INFO Finished running startup scripts.
May 30 18:26:26 jenkins-1-vm google-accounts: INFO Creating a new user account for rsa-key-20180528.
May 30 18:26:26 jenkins-1-vm systemd[1]: Started Google Compute Engine Startup Scripts.
May 30 18:26:26 jenkins-1-vm systemd[1]: Reached target Multi-User System.
May 30 18:26:26 jenkins-1-vm systemd[1]: Reached target Graphical Interface.
May 30 18:26:26 jenkins-1-vm systemd[1]: Starting Update UTMP about System Runlevel Changes...
May 30 18:26:26 jenkins-1-vm systemd[1]: Started Update UTMP about System Runlevel Changes.
May 30 18:26:26 jenkins-1-vm google-networking: INFO Starting Google Networking daemon.
May 30 18:26:26 jenkins-1-vm google-accounts: INFO Created user account rsa-key-20180528.
May 30 18:26:43 jenkins-1-vm systemd[1]: Started Daily apt download activities.
May 30 18:26:43 jenkins-1-vm systemd[1]: apt-daily.timer: Adding 10h 7min 3.734710s random time.
May 30 18:26:43 jenkins-1-vm systemd[1]: apt-daily.timer: Adding 9h 55min 41.770553s random time.
May 30 18:26:43 jenkins-1-vm systemd[1]: Starting Daily apt upgrade and clean activities...
May 30 18:26:59 jenkins-1-vm systemd[1]: Reloading.
May 30 18:27:05 jenkins-1-vm systemd[1]: Reloading.
May 30 18:27:06 jenkins-1-vm systemd[1]: Reloading.
May 30 18:27:15 jenkins-1-vm systemd-udevd[470]: Network interface NamePolicy= disabled on kernel command line, ignoring.
May 30 18:27:15 jenkins-1-vm kernel: [   59.797822] device-mapper: uevent: version 1.0.3
May 30 18:27:15 jenkins-1-vm kernel: [   59.802801] device-mapper: ioctl: 4.35.0-ioctl (2016-06-23) initialised: dm-devel@redhat.com
May 30 18:27:18 jenkins-1-vm systemd[1]: Started Daily apt upgrade and clean activities.
May 30 18:27:18 jenkins-1-vm systemd[1]: apt-daily-upgrade.timer: Adding 12min 9.828507s random time.
May 30 18:27:18 jenkins-1-vm systemd[1]: Startup finished in 3.027s (kernel) + 59.082s (userspace) = 1min 2.110s.
May 30 18:27:18 jenkins-1-vm systemd[1]: apt-daily-upgrade.timer: Adding 30min 21.413318s random time.
May 30 18:32:03 jenkins-1-vm ntpd[768]: kernel reports TIME_ERROR: 0x41: Clock Unsynchronized
May 30 18:41:51 jenkins-1-vm systemd[1]: Starting Cleanup of Temporary Directories...
May 30 18:41:51 jenkins-1-vm systemd[1]: Started Cleanup of Temporary Directories.
May 30 19:17:01 jenkins-1-vm CRON[6499]: (root) CMD (   cd / && run-parts --report /etc/cron.hourly)
May 30 20:17:01 jenkins-1-vm CRON[6876]: (root) CMD (   cd / && run-parts --report /etc/cron.hourly)
May 30 21:17:01 jenkins-1-vm CRON[7238]: (root) CMD (   cd / && run-parts --report /etc/cron.hourly)
May 30 22:17:01 jenkins-1-vm CRON[7601]: (root) CMD (   cd / && run-parts --report /etc/cron.hourly)
May 30 23:17:01 jenkins-1-vm CRON[7965]: (root) CMD (   cd / && run-parts --report /etc/cron.hourly)
May 31 00:17:01 jenkins-1-vm CRON[8335]: (root) CMD (   cd / && run-parts --report /etc/cron.hourly)
May 31 01:17:01 jenkins-1-vm CRON[8692]: (root) CMD (   cd / && run-parts --report /etc/cron.hourly)
May 31 02:17:01 jenkins-1-vm CRON[9056]: (root) CMD (   cd / && run-parts --report /etc/cron.hourly)
May 31 03:17:01 jenkins-1-vm CRON[9418]: (root) CMD (   cd / && run-parts --report /etc/cron.hourly)
May 31 04:17:01 jenkins-1-vm CRON[9780]: (root) CMD (   cd / && run-parts --report /etc/cron.hourly)
May 31 04:28:03 jenkins-1-vm dhclient[658]: DHCPREQUEST of 10.164.0.2 on eth0 to 169.254.169.254 port 67
May 31 04:28:03 jenkins-1-vm dhclient[658]: DHCPACK of 10.164.0.2 from 169.254.169.254
May 31 04:28:03 jenkins-1-vm systemd[1]: Stopping System Logging Service...
May 31 04:28:03 jenkins-1-vm liblogging-stdlog:  [origin software="rsyslogd" swVersion="8.24.0" x-pid="643" x-info="http://www.rsyslog.com"] exiting on signal 15.
May 31 04:28:03 jenkins-1-vm systemd[1]: Stopped System Logging Service.
May 31 04:28:03 jenkins-1-vm systemd[1]: Starting System Logging Service...
May 31 04:28:03 jenkins-1-vm dhclient[658]: bound to 10.164.0.2 -- renewal in 42037 seconds.
May 31 04:28:03 jenkins-1-vm liblogging-stdlog:  [origin software="rsyslogd" swVersion="8.24.0" x-pid="9869" x-info="http://www.rsyslog.com"] start
May 31 04:28:03 jenkins-1-vm systemd[1]: Started System Logging Service.
May 31 05:17:01 jenkins-1-vm CRON[10161]: (root) CMD (   cd / && run-parts --report /etc/cron.hourly)
May 31 06:17:01 jenkins-1-vm CRON[10526]: (root) CMD (   cd / && run-parts --report /etc/cron.hourly)
May 31 06:25:01 jenkins-1-vm CRON[10578]: (root) CMD (test -x /usr/sbin/anacron || ( cd / && run-parts --report /etc/cron.daily ))
May 31 06:30:35 jenkins-1-vm systemd[1]: Starting Daily apt upgrade and clean activities...
May 31 06:30:37 jenkins-1-vm systemd[1]: Started Daily apt upgrade and clean activities.
May 31 06:30:37 jenkins-1-vm systemd[1]: apt-daily-upgrade.timer: Adding 57min 42.143126s random time.
May 31 06:30:37 jenkins-1-vm systemd[1]: apt-daily-upgrade.timer: Adding 31min 31.277292s random time.
May 31 07:17:01 jenkins-1-vm CRON[11024]: (root) CMD (   cd / && run-parts --report /etc/cron.hourly)
May 31 08:17:01 jenkins-1-vm CRON[11797]: (root) CMD (   cd / && run-parts --report /etc/cron.hourly)
May 31 08:21:36 jenkins-1-vm systemd[1]: Stopping LSB: Start Jenkins at boot time...
May 31 08:21:38 jenkins-1-vm jenkins: jenkins: client (pid 802) exited with 143 status
May 31 08:21:38 jenkins-1-vm jenkins[11833]: Stopping Jenkins Automation Server: jenkins.
May 31 08:21:38 jenkins-1-vm systemd[1]: Stopped LSB: Start Jenkins at boot time.
May 31 08:21:38 jenkins-1-vm systemd[1]: Starting LSB: Start Jenkins at boot time...
May 31 08:21:39 jenkins-1-vm jenkins[11854]: Starting Jenkins Automation Server: jenkins.
May 31 08:21:39 jenkins-1-vm systemd[1]: Started LSB: Start Jenkins at boot time.
May 31 08:59:56 localhost systemd[1]: Started Remount Root and Kernel File Systems.
May 31 08:59:56 localhost systemd[1]: Started Load Kernel Modules.
May 31 08:59:56 localhost systemd[1]: Started Create list of required static device nodes for the current kernel.
May 31 08:59:56 localhost systemd[1]: Starting Create Static Device Nodes in /dev...
May 31 08:59:56 localhost systemd[1]: Starting Apply Kernel Variables...
May 31 08:59:56 localhost systemd[1]: Starting Load/Save Random Seed...
May 31 08:59:56 localhost systemd[1]: Starting udev Coldplug all Devices...
May 31 08:59:56 localhost systemd[1]: Starting Flush Journal to Persistent Storage...
May 31 08:59:56 localhost systemd[1]: Started Apply Kernel Variables.
May 31 08:59:56 localhost systemd[1]: Started Flush Journal to Persistent Storage.
May 31 08:59:56 localhost systemd[1]: Started Load/Save Random Seed.
May 31 08:59:56 localhost systemd[1]: Started udev Coldplug all Devices.
May 31 08:59:56 localhost kernel: [    0.000000] Linux version 4.9.0-6-amd64 (debian-kernel@lists.debian.org) (gcc version 6.3.0 20170516 (Debian 6.3.0-18+deb9u1) ) #1 SMP Debian 4.9.88-1+deb9u1 (2018-05-07)
May 31 08:59:56 localhost kernel: [    0.000000] Command line: BOOT_IMAGE=/boot/vmlinuz-4.9.0-6-amd64 root=UUID=6a9a4c17-d9ce-45cf-8566-d4ec544c3ce5 ro net.ifnames=0 biosdevname=0 console=ttyS0,38400n8 elevator=noop scsi_mod.use_blk_mq=Y
May 31 08:59:56 localhost systemd[1]: Started Create Static Device Nodes in /dev.
May 31 08:59:56 localhost kernel: [    0.000000] x86/fpu: Supporting XSAVE feature 0x001: 'x87 floating point registers'
May 31 08:59:56 localhost kernel: [    0.000000] x86/fpu: Supporting XSAVE feature 0x002: 'SSE registers'
May 31 08:59:56 localhost kernel: [    0.000000] x86/fpu: Supporting XSAVE feature 0x004: 'AVX registers'
May 31 08:59:56 localhost kernel: [    0.000000] x86/fpu: Supporting XSAVE feature 0x008: 'MPX bounds registers'
May 31 08:59:56 localhost kernel: [    0.000000] x86/fpu: Supporting XSAVE feature 0x010: 'MPX CSR'
May 31 08:59:56 localhost kernel: [    0.000000] x86/fpu: Supporting XSAVE feature 0x020: 'AVX-512 opmask'
May 31 08:59:56 localhost kernel: [    0.000000] x86/fpu: Supporting XSAVE feature 0x040: 'AVX-512 Hi256'
May 31 08:59:56 localhost kernel: [    0.000000] x86/fpu: Supporting XSAVE feature 0x080: 'AVX-512 ZMM_Hi256'
May 31 08:59:56 localhost kernel: [    0.000000] x86/fpu: xstate_offset[2]:  576, xstate_sizes[2]:  256
May 31 08:59:56 localhost kernel: [    0.000000] x86/fpu: xstate_offset[3]:  832, xstate_sizes[3]:   64
May 31 08:59:56 localhost kernel: [    0.000000] x86/fpu: xstate_offset[4]:  896, xstate_sizes[4]:   64
May 31 08:59:56 localhost kernel: [    0.000000] x86/fpu: xstate_offset[5]:  960, xstate_sizes[5]:   64
May 31 08:59:56 localhost kernel: [    0.000000] x86/fpu: xstate_offset[6]: 1024, xstate_sizes[6]:  512
May 31 08:59:56 localhost kernel: [    0.000000] x86/fpu: xstate_offset[7]: 1536, xstate_sizes[7]: 1024
May 31 08:59:56 localhost kernel: [    0.000000] x86/fpu: Enabled xstate features 0xff, context size is 2560 bytes, using 'compacted' format.
May 31 08:59:56 localhost kernel: [    0.000000] x86/fpu: Using 'eager' FPU context switches.
May 31 08:59:56 localhost kernel: [    0.000000] e820: BIOS-provided physical RAM map:
May 31 08:59:56 localhost kernel: [    0.000000] BIOS-e820: [mem 0x0000000000000000-0x000000000009fbff] usable
May 31 08:59:56 localhost kernel: [    0.000000] BIOS-e820: [mem 0x000000000009fc00-0x000000000009ffff] reserved
May 31 08:59:56 localhost kernel: [    0.000000] BIOS-e820: [mem 0x00000000000f0000-0x00000000000fffff] reserved
May 31 08:59:56 localhost kernel: [    0.000000] BIOS-e820: [mem 0x0000000000100000-0x00000000bfff2fff] usable
May 31 08:59:56 localhost kernel: [    0.000000] BIOS-e820: [mem 0x00000000bfff3000-0x00000000bfffffff] reserved
May 31 08:59:56 localhost kernel: [    0.000000] BIOS-e820: [mem 0x00000000fffbc000-0x00000000ffffffff] reserved
May 31 08:59:56 localhost kernel: [    0.000000] BIOS-e820: [mem 0x0000000100000000-0x00000003ffffffff] usable
May 31 08:59:56 localhost kernel: [    0.000000] NX (Execute Disable) protection: active
May 31 08:59:56 localhost kernel: [    0.000000] SMBIOS 2.4 present.
May 31 08:59:56 localhost systemd[1]: Starting udev Kernel Device Manager...
May 31 08:59:56 localhost kernel: [    0.000000] DMI: Google Google Compute Engine/Google Compute Engine, BIOS Google 01/01/2011
May 31 08:59:56 localhost kernel: [    0.000000] Hypervisor detected: KVM
May 31 08:59:56 localhost kernel: [    0.000000] e820: update [mem 0x00000000-0x00000fff] usable ==> reserved
May 31 08:59:56 localhost systemd[1]: Reached target Local File Systems (Pre).
May 31 08:59:56 localhost kernel: [    0.000000] e820: remove [mem 0x000a0000-0x000fffff] usable
May 31 08:59:56 localhost kernel: [    0.000000] e820: last_pfn = 0x400000 max_arch_pfn = 0x400000000
May 31 08:59:56 localhost kernel: [    0.000000] MTRR default type: write-back
May 31 08:59:56 localhost kernel: [    0.000000] MTRR fixed ranges enabled:
May 31 08:59:56 localhost kernel: [    0.000000]   00000-9FFFF write-back
May 31 08:59:56 localhost kernel: [    0.000000]   A0000-BFFFF uncachable
May 31 08:59:56 localhost systemd[1]: Reached target Local File Systems.
May 31 08:59:56 localhost kernel: [    0.000000]   C0000-FFFFF write-protect
May 31 08:59:56 localhost kernel: [    0.000000] MTRR variable ranges enabled:
May 31 08:59:56 localhost systemd[1]: Starting Raise network interfaces...
May 31 08:59:56 localhost kernel: [    0.000000]   0 base 0000C0000000 mask 3FFFC0000000 uncachable
May 31 08:59:56 localhost kernel: [    0.000000]   1 disabled
May 31 08:59:56 localhost kernel: [    0.000000]   2 disabled
May 31 08:59:56 localhost kernel: [    0.000000]   3 disabled
May 31 08:59:56 localhost kernel: [    0.000000]   4 disabled
May 31 08:59:56 localhost systemd[1]: Starting Create Volatile Files and Directories...
May 31 08:59:56 localhost kernel: [    0.000000]   5 disabled
May 31 08:59:56 localhost kernel: [    0.000000]   6 disabled
May 31 08:59:56 localhost kernel: [    0.000000]   7 disabled
May 31 08:59:56 localhost kernel: [    0.000000] x86/PAT: Configuration [0-7]: WB  WC  UC- UC  WB  WC  UC- WT  
May 31 08:59:56 localhost kernel: [    0.000000] e820: last_pfn = 0xbfff3 max_arch_pfn = 0x400000000
May 31 08:59:56 localhost systemd-udevd[469]: Network interface NamePolicy= disabled on kernel command line, ignoring.
May 31 08:59:56 localhost kernel: [    0.000000] found SMP MP-table at [mem 0x000f27b0-0x000f27bf] mapped at [ffff9f66800f27b0]
May 31 08:59:56 localhost kernel: [    0.000000] Base memory trampoline at [ffff9f6680099000] 99000 size 24576
May 31 08:59:56 localhost systemd[1]: Started Create Volatile Files and Directories.
May 31 08:59:56 localhost kernel: [    0.000000] Using GB pages for direct mapping
May 31 08:59:56 localhost kernel: [    0.000000] BRK [0x198f39000, 0x198f39fff] PGTABLE
May 31 08:59:56 localhost kernel: [    0.000000] BRK [0x198f3a000, 0x198f3afff] PGTABLE
May 31 08:59:56 localhost kernel: [    0.000000] BRK [0x198f3b000, 0x198f3bfff] PGTABLE
May 31 08:59:56 localhost systemd[1]: Started udev Kernel Device Manager.
May 31 08:59:56 localhost kernel: [    0.000000] BRK [0x198f3c000, 0x198f3cfff] PGTABLE
May 31 08:59:56 localhost kernel: [    0.000000] BRK [0x198f3d000, 0x198f3dfff] PGTABLE
May 31 08:59:56 localhost kernel: [    0.000000] BRK [0x198f3e000, 0x198f3efff] PGTABLE
May 31 08:59:56 localhost systemd[1]: Starting Update UTMP about System Boot/Shutdown...
May 31 08:59:56 localhost kernel: [    0.000000] RAMDISK: [mem 0x35d61000-0x36ea7fff]
May 31 08:59:56 localhost kernel: [    0.000000] ACPI: Early table checksum verification disabled
May 31 08:59:56 localhost kernel: [    0.000000] ACPI: RSDP 0x00000000000F2770 000014 (v00 Google)
May 31 08:59:56 localhost kernel: [    0.000000] ACPI: RSDT 0x00000000BFFF3430 000038 (v01 Google GOOGRSDT 00000001 GOOG 00000001)
May 31 08:59:56 localhost systemd[1]: Reached target System Time Synchronized.
May 31 08:59:56 localhost kernel: [    0.000000] ACPI: FACP 0x00000000BFFFCF60 0000F4 (v02 Google GOOGFACP 00000001 GOOG 00000001)
May 31 08:59:56 localhost kernel: [    0.000000] ACPI: DSDT 0x00000000BFFF3470 0017B2 (v01 Google GOOGDSDT 00000001 GOOG 00000001)
May 31 08:59:56 localhost systemd[1]: Found device /dev/ttyS0.
May 31 08:59:56 localhost kernel: [    0.000000] ACPI: FACS 0x00000000BFFFCF00 000040
May 31 08:59:56 localhost kernel: [    0.000000] ACPI: FACS 0x00000000BFFFCF00 000040
May 31 08:59:56 localhost kernel: [    0.000000] ACPI: SSDT 0x00000000BFFF65F0 00690D (v01 Google GOOGSSDT 00000001 GOOG 00000001)
May 31 08:59:56 localhost kernel: [    0.000000] ACPI: APIC 0x00000000BFFF5D10 000086 (v01 Google GOOGAPIC 00000001 GOOG 00000001)
May 31 08:59:56 localhost kernel: [    0.000000] ACPI: WAET 0x00000000BFFF5CE0 000028 (v01 Google GOOGWAET 00000001 GOOG 00000001)
May 31 08:59:56 localhost systemd[1]: Started Update UTMP about System Boot/Shutdown.
May 31 08:59:56 localhost kernel: [    0.000000] ACPI: SRAT 0x00000000BFFF4C30 0000E8 (v01 Google GOOGSRAT 00000001 GOOG 00000001)
May 31 08:59:56 localhost kernel: [    0.000000] ACPI: Local APIC address 0xfee00000
May 31 08:59:56 localhost kernel: [    0.000000] SRAT: PXM 0 -> APIC 0x00 -> Node 0
May 31 08:59:56 localhost kernel: [    0.000000] SRAT: PXM 0 -> APIC 0x01 -> Node 0
May 31 08:59:56 localhost kernel: [    0.000000] SRAT: PXM 0 -> APIC 0x02 -> Node 0
May 31 08:59:56 localhost systemd[1]: Reached target System Initialization.
May 31 08:59:56 localhost kernel: [    0.000000] SRAT: PXM 0 -> APIC 0x03 -> Node 0
May 31 08:59:56 localhost kernel: [    0.000000] ACPI: SRAT: Node 0 PXM 0 [mem 0x00000000-0x0009ffff]
May 31 08:59:56 localhost kernel: [    0.000000] ACPI: SRAT: Node 0 PXM 0 [mem 0x00100000-0xbfffffff]
May 31 08:59:56 localhost systemd[1]: Listening on UUID daemon activation socket.
May 31 08:59:56 localhost kernel: [    0.000000] ACPI: SRAT: Node 0 PXM 0 [mem 0x100000000-0x3ffffffff]
May 31 08:59:56 localhost kernel: [    0.000000] NUMA: Node 0 [mem 0x00000000-0x0009ffff] + [mem 0x00100000-0xbfffffff] -> [mem 0x00000000-0xbfffffff]
May 31 08:59:56 localhost kernel: [    0.000000] NUMA: Node 0 [mem 0x00000000-0xbfffffff] + [mem 0x100000000-0x3ffffffff] -> [mem 0x00000000-0x3ffffffff]
May 31 08:59:56 localhost kernel: [    0.000000] NODE_DATA(0) allocated [mem 0x3ffffb000-0x3ffffffff]
May 31 08:59:56 localhost kernel: [    0.000000] kvm-clock: Using msrs 4b564d01 and 4b564d00
May 31 08:59:56 localhost systemd[1]: apt-daily.timer: Adding 9h 50min 24.486587s random time.
May 31 08:59:56 localhost kernel: [    0.000000] kvm-clock: cpu 0, msr 3:ffff3001, primary cpu clock
May 31 08:59:56 localhost kernel: [    0.000000] kvm-clock: using sched offset of 2341372210 cycles
May 31 08:59:56 localhost kernel: [    0.000000] clocksource: kvm-clock: mask: 0xffffffffffffffff max_cycles: 0x1cd42e4dffb, max_idle_ns: 881590591483 ns
May 31 08:59:56 localhost systemd[1]: Started Daily apt download activities.
May 31 08:59:56 localhost kernel: [    0.000000] Zone ranges:
May 31 08:59:56 localhost kernel: [    0.000000]   DMA      [mem 0x0000000000001000-0x0000000000ffffff]
May 31 08:59:56 localhost kernel: [    0.000000]   DMA32    [mem 0x0000000001000000-0x00000000ffffffff]
May 31 08:59:56 localhost kernel: [    0.000000]   Normal   [mem 0x0000000100000000-0x00000003ffffffff]
May 31 08:59:56 localhost kernel: [    0.000000]   Device   empty
May 31 08:59:56 localhost systemd[1]: apt-daily-upgrade.timer: Adding 31min 2.852868s random time.
May 31 08:59:56 localhost kernel: [    0.000000] Movable zone start for each node
May 31 08:59:56 localhost kernel: [    0.000000] Early memory node ranges
May 31 08:59:56 localhost kernel: [    0.000000]   node   0: [mem 0x0000000000001000-0x000000000009efff]
May 31 08:59:56 localhost kernel: [    0.000000]   node   0: [mem 0x0000000000100000-0x00000000bfff2fff]
May 31 08:59:56 localhost kernel: [    0.000000]   node   0: [mem 0x0000000100000000-0x00000003ffffffff]
May 31 08:59:56 localhost kernel: [    0.000000] Initmem setup node 0 [mem 0x0000000000001000-0x00000003ffffffff]
May 31 08:59:56 localhost kernel: [    0.000000] On node 0 totalpages: 3932049
May 31 08:59:56 localhost kernel: [    0.000000]   DMA zone: 64 pages used for memmap
May 31 08:59:56 localhost kernel: [    0.000000]   DMA zone: 21 pages reserved
May 31 08:59:56 localhost kernel: [    0.000000]   DMA zone: 3998 pages, LIFO batch:0
May 31 08:59:56 localhost systemd[1]: Started Daily apt upgrade and clean activities.
May 31 08:59:56 localhost kernel: [    0.000000]   DMA32 zone: 12224 pages used for memmap
May 31 08:59:56 localhost kernel: [    0.000000]   DMA32 zone: 782323 pages, LIFO batch:31
May 31 08:59:56 localhost kernel: [    0.000000]   Normal zone: 49152 pages used for memmap
May 31 08:59:56 localhost kernel: [    0.000000]   Normal zone: 3145728 pages, LIFO batch:31
May 31 08:59:56 localhost kernel: [    0.000000] ACPI: PM-Timer IO Port: 0xb008
May 31 08:59:56 localhost kernel: [    0.000000] ACPI: Local APIC address 0xfee00000
May 31 08:59:56 localhost systemd[1]: Started Daily Cleanup of Temporary Directories.
May 31 08:59:56 localhost kernel: [    0.000000] ACPI: LAPIC_NMI (acpi_id[0xff] dfl dfl lint[0x1])
May 31 08:59:56 localhost kernel: [    0.000000] IOAPIC[0]: apic_id 0, version 17, address 0xfec00000, GSI 0-23
May 31 08:59:56 localhost kernel: [    0.000000] ACPI: INT_SRC_OVR (bus 0 bus_irq 5 global_irq 5 high level)
May 31 08:59:56 localhost systemd[1]: Reached target Timers.
May 31 08:59:56 localhost kernel: [    0.000000] ACPI: INT_SRC_OVR (bus 0 bus_irq 9 global_irq 9 high level)
May 31 08:59:56 localhost kernel: [    0.000000] ACPI: INT_SRC_OVR (bus 0 bus_irq 10 global_irq 10 high level)
May 31 08:59:56 localhost kernel: [    0.000000] ACPI: INT_SRC_OVR (bus 0 bus_irq 11 global_irq 11 high level)
May 31 08:59:56 localhost kernel: [    0.000000] ACPI: IRQ5 used by override.
May 31 08:59:56 localhost systemd[1]: Started ACPI Events Check.
May 31 08:59:56 localhost kernel: [    0.000000] ACPI: IRQ9 used by override.
May 31 08:59:56 localhost kernel: [    0.000000] ACPI: IRQ10 used by override.
May 31 08:59:56 localhost kernel: [    0.000000] ACPI: IRQ11 used by override.
May 31 08:59:56 localhost systemd[1]: Reached target Paths.
May 31 08:59:56 localhost kernel: [    0.000000] Using ACPI (MADT) for SMP configuration information
May 31 08:59:56 localhost systemd[1]: Listening on D-Bus System Message Bus Socket.
May 31 08:59:56 localhost systemd[1]: Listening on ACPID Listen Socket.
May 31 08:59:56 localhost systemd[1]: Reached target Sockets.
May 31 08:59:56 localhost systemd[1]: Reached target Basic System.
May 31 08:59:56 localhost systemd[1]: Started D-Bus System Message Bus.
May 31 08:59:56 localhost systemd[1]: Started Regular background program processing daemon.
May 31 08:59:56 localhost cron[515]: (CRON) INFO (pidfile fd = 3)
May 31 08:59:56 localhost cron[515]: (CRON) INFO (Running @reboot jobs)
May 31 08:59:56 localhost systemd[1]: Started ACPI event daemon.
May 31 08:59:56 localhost systemd[1]: Starting System Logging Service...
May 31 08:59:56 localhost systemd[1]: Starting Expand the root partition and filesystem on boot...
May 31 08:59:56 localhost systemd[1]: Starting Login Service...
May 31 08:59:56 localhost acpid: starting up with netlink and the input layer
May 31 08:59:56 localhost systemd[1]: Started Login Service.
May 31 08:59:56 localhost acpid: 1 rule loaded
May 31 08:59:56 localhost kernel: [    0.000000] smpboot: Allowing 4 CPUs, 0 hotplug CPUs
May 31 08:59:56 localhost acpid: waiting for events: event logging is off
May 31 08:59:56 localhost kernel: [    0.000000] PM: Registered nosave memory: [mem 0x00000000-0x00000fff]
May 31 08:59:56 localhost kernel: [    0.000000] PM: Registered nosave memory: [mem 0x0009f000-0x0009ffff]
May 31 08:59:56 localhost kernel: [    0.000000] PM: Registered nosave memory: [mem 0x000a0000-0x000effff]
May 31 08:59:56 localhost kernel: [    0.000000] PM: Registered nosave memory: [mem 0x000f0000-0x000fffff]
May 31 08:59:56 localhost kernel: [    0.000000] PM: Registered nosave memory: [mem 0xbfff3000-0xbfffffff]
May 31 08:59:56 localhost expand-root.sh[518]: Growing partition /dev/sda1
May 31 08:59:56 localhost kernel: [    0.000000] PM: Registered nosave memory: [mem 0xc0000000-0xfffbbfff]
May 31 08:59:56 localhost kernel: [    0.000000] PM: Registered nosave memory: [mem 0xfffbc000-0xffffffff]
May 31 08:59:56 localhost kernel: [    0.000000] e820: [mem 0xc0000000-0xfffbbfff] available for PCI devices
May 31 08:59:56 localhost kernel: [    0.000000] Booting paravirtualized kernel on KVM
May 31 08:59:56 localhost kernel: [    0.000000] clocksource: refined-jiffies: mask: 0xffffffff max_cycles: 0xffffffff, max_idle_ns: 7645519600211568 ns
May 31 08:59:56 localhost kernel: [    0.000000] setup_percpu: NR_CPUS:512 nr_cpumask_bits:512 nr_cpu_ids:4 nr_node_ids:1
May 31 08:59:56 localhost liblogging-stdlog:  [origin software="rsyslogd" swVersion="8.24.0" x-pid="517" x-info="http://www.rsyslog.com"] start
May 31 08:59:56 localhost kernel: [    0.000000] percpu: Embedded 35 pages/cpu @ffff9f6a7fc00000 s105304 r8192 d29864 u524288
May 31 08:59:56 localhost kernel: [    0.000000] pcpu-alloc: s105304 r8192 d29864 u524288 alloc=1*2097152
May 31 08:59:56 localhost kernel: [    0.000000] pcpu-alloc: [0] 0 1 2 3 
May 31 08:59:56 localhost kernel: [    0.000000] Built 1 zonelists in Node order, mobility grouping on.  Total pages: 3870588
May 31 08:59:56 localhost systemd[1]: Started System Logging Service.
May 31 08:59:56 localhost kernel: [    0.000000] Policy zone: Normal
May 31 08:59:56 localhost kernel: [    0.000000] Kernel command line: BOOT_IMAGE=/boot/vmlinuz-4.9.0-6-amd64 root=UUID=6a9a4c17-d9ce-45cf-8566-d4ec544c3ce5 ro net.ifnames=0 biosdevname=0 console=ttyS0,38400n8 elevator=noop scsi_mod.use_blk_mq=Y
May 31 08:59:56 localhost kernel: [    0.000000] PID hash table entries: 4096 (order: 3, 32768 bytes)
May 31 08:59:56 localhost kernel: [    0.000000] Calgary: detecting Calgary via BIOS EBDA area
May 31 08:59:56 localhost kernel: [    0.000000] Calgary: Unable to locate Rio Grande table in EBDA - bailing!
May 31 08:59:56 localhost kernel: [    0.000000] Memory: 15382400K/15728196K available (6240K kernel code, 1159K rwdata, 2868K rodata, 1416K init, 688K bss, 345796K reserved, 0K cma-reserved)
May 31 08:59:56 localhost kernel: [    0.000000] Kernel/User page tables isolation: enabled
May 31 08:59:56 localhost kernel: [    0.000000] Hierarchical RCU implementation.
May 31 08:59:56 localhost kernel: [    0.000000] 	Build-time adjustment of leaf fanout to 64.
May 31 08:59:56 localhost kernel: [    0.000000] 	RCU restricting CPUs from NR_CPUS=512 to nr_cpu_ids=4.
May 31 08:59:56 localhost kernel: [    0.000000] RCU: Adjusting geometry for rcu_fanout_leaf=64, nr_cpu_ids=4
May 31 08:59:56 localhost kernel: [    0.000000] NR_IRQS:33024 nr_irqs:456 16
May 31 08:59:56 localhost kernel: [    0.000000] Console: colour VGA+ 80x25
May 31 08:59:56 localhost kernel: [    0.000000] console [ttyS0] enabled
May 31 08:59:56 localhost kernel: [    0.000000] tsc: Detected 2000.162 MHz processor
May 31 08:59:56 localhost kernel: [    0.304410] Calibrating delay loop (skipped) preset value.. 4000.32 BogoMIPS (lpj=8000648)
May 31 08:59:56 localhost kernel: [    0.305547] pid_max: default: 32768 minimum: 301
May 31 08:59:56 localhost kernel: [    0.306188] ACPI: Core revision 20160831
May 31 08:59:56 localhost kernel: [    0.312751] ACPI: 2 ACPI AML tables successfully acquired and loaded
May 31 08:59:56 localhost kernel: [    0.313757] Security Framework initialized
May 31 08:59:56 localhost kernel: [    0.314322] Yama: disabled by default; enable with sysctl kernel.yama.*
May 31 08:59:56 localhost kernel: [    0.315227] AppArmor: AppArmor disabled by boot time parameter
May 31 08:59:56 localhost kernel: [    0.318170] Dentry cache hash table entries: 2097152 (order: 12, 16777216 bytes)
May 31 08:59:56 localhost kernel: [    0.327213] Inode-cache hash table entries: 1048576 (order: 11, 8388608 bytes)
May 31 08:59:56 localhost kernel: [    0.331510] Mount-cache hash table entries: 32768 (order: 6, 262144 bytes)
May 31 08:59:56 localhost kernel: [    0.332541] Mountpoint-cache hash table entries: 32768 (order: 6, 262144 bytes)
May 31 08:59:56 localhost kernel: [    0.333835] CPU: Physical Processor ID: 0
May 31 08:59:56 localhost kernel: [    0.334394] CPU: Processor Core ID: 0
May 31 08:59:56 localhost kernel: [    0.334924] mce: CPU supports 32 MCE banks
May 31 08:59:56 localhost kernel: [    0.335597] Last level iTLB entries: 4KB 64, 2MB 8, 4MB 8
May 31 08:59:56 localhost kernel: [    0.336414] Last level dTLB entries: 4KB 64, 2MB 0, 4MB 0, 1GB 4
May 31 08:59:56 localhost kernel: [    0.337221] Spectre V2 : Mitigation: Full generic retpoline
May 31 08:59:56 localhost kernel: [    0.337984] Spectre V2 : Spectre v2 mitigation: Filling RSB on context switch
May 31 08:59:56 localhost kernel: [    0.341421] Freeing SMP alternatives memory: 24K
May 31 08:59:56 localhost kernel: [    0.348293] ftrace: allocating 25239 entries in 99 pages
May 31 08:59:56 localhost kernel: [    0.394975] smpboot: Max logical packages: 2
May 31 08:59:56 localhost kernel: [    0.396107] x2apic enabled
May 31 08:59:56 localhost kernel: [    0.397837] Switched APIC routing to physical x2apic.
May 31 08:59:56 localhost kernel: [    0.401160] ..TIMER: vector=0x30 apic1=0 pin1=0 apic2=-1 pin2=-1
May 31 08:59:56 localhost kernel: [    0.507665] smpboot: CPU0: Intel(R) Xeon(R) CPU @ 2.00GHz (family: 0x6, model: 0x55, stepping: 0x3)
May 31 08:59:56 localhost kernel: [    0.509002] Performance Events: unsupported p6 CPU model 85 no PMU driver, software events only.
May 31 08:59:56 localhost kernel: [    0.511973] x86: Booting SMP configuration:
May 31 08:59:56 localhost kernel: [    0.512573] .... node  #0, CPUs:      #1
May 31 08:59:56 localhost kernel: [    0.513308] kvm-clock: cpu 1, msr 3:ffff3041, secondary cpu clock
May 31 08:59:56 localhost kernel: [    0.516522]  #2<6>[    0.516890] kvm-clock: cpu 2, msr 3:ffff3081, secondary cpu clock
May 31 08:59:56 localhost kernel: [    0.520102]  #3<6>[    0.520482] kvm-clock: cpu 3, msr 3:ffff30c1, secondary cpu clock
May 31 08:59:56 localhost kernel: [    0.523596] x86: Booted up 1 node, 4 CPUs
May 31 08:59:56 localhost kernel: [    0.524171] smpboot: Total of 4 processors activated (16001.29 BogoMIPS)
May 31 08:59:56 localhost kernel: [    0.526481] devtmpfs: initialized
May 31 08:59:56 localhost kernel: [    0.527004] x86/mm: Memory block size: 128MB
May 31 08:59:56 localhost kernel: [    0.530417] clocksource: jiffies: mask: 0xffffffff max_cycles: 0xffffffff, max_idle_ns: 7645041785100000 ns
May 31 08:59:56 localhost kernel: [    0.531762] futex hash table entries: 1024 (order: 4, 65536 bytes)
May 31 08:59:56 localhost kernel: [    0.532716] pinctrl core: initialized pinctrl subsystem
May 31 08:59:56 localhost kernel: [    0.534553] NET: Registered protocol family 16
May 31 08:59:56 localhost kernel: [    0.543672] cpuidle: using governor ladder
May 31 08:59:56 localhost kernel: [    0.555670] cpuidle: using governor menu
May 31 08:59:56 localhost kernel: [    0.556260] ACPI: bus type PCI registered
May 31 08:59:56 localhost kernel: [    0.556832] acpiphp: ACPI Hot Plug PCI Controller Driver version: 0.5
May 31 08:59:56 localhost kernel: [    0.557838] PCI: Using configuration type 1 for base access
May 31 08:59:56 localhost kernel: [    0.567879] HugeTLB registered 1 GB page size, pre-allocated 0 pages
May 31 08:59:56 localhost kernel: [    0.568780] HugeTLB registered 2 MB page size, pre-allocated 0 pages
May 31 08:59:56 localhost kernel: [    0.570787] ACPI: Added _OSI(Module Device)
May 31 08:59:56 localhost kernel: [    0.571375] ACPI: Added _OSI(Processor Device)
May 31 08:59:56 localhost kernel: [    0.571982] ACPI: Added _OSI(3.0 _SCP Extensions)
May 31 08:59:56 localhost kernel: [    0.572651] ACPI: Added _OSI(Processor Aggregator Device)
May 31 08:59:56 localhost kernel: [    0.573793] ACPI: Executed 2 blocks of module-level executable AML code
May 31 08:59:56 localhost kernel: [    0.599181] ACPI: Interpreter enabled
May 31 08:59:56 localhost kernel: [    0.599733] ACPI: (supports S0 S3 S4 S5)
May 31 08:59:56 localhost kernel: [    0.600273] ACPI: Using IOAPIC for interrupt routing
May 31 08:59:56 localhost kernel: [    0.600967] PCI: Using host bridge windows from ACPI; if necessary, use "pci=nocrs" and report a bug
May 31 08:59:56 localhost kernel: [    0.629500] ACPI: PCI Root Bridge [PCI0] (domain 0000 [bus 00-ff])
May 31 08:59:56 localhost kernel: [    0.630366] acpi PNP0A03:00: _OSC: OS supports [ASPM ClockPM Segments MSI]
May 31 08:59:56 localhost kernel: [    0.631288] acpi PNP0A03:00: _OSC failed (AE_NOT_FOUND); disabling ASPM
May 31 08:59:56 localhost kernel: [    0.632183] acpi PNP0A03:00: fail to add MMCONFIG information, can't access extended PCI configuration space under this bridge.
May 31 08:59:56 localhost kernel: [    0.634407] PCI host bridge to bus 0000:00
May 31 08:59:56 localhost kernel: [    0.634993] pci_bus 0000:00: root bus resource [io  0x0000-0x0cf7 window]
May 31 08:59:56 localhost kernel: [    0.635929] pci_bus 0000:00: root bus resource [io  0x0d00-0xffff window]
May 31 08:59:56 localhost kernel: [    0.636839] pci_bus 0000:00: root bus resource [mem 0x000a0000-0x000bffff window]
May 31 08:59:56 localhost kernel: [    0.637865] pci_bus 0000:00: root bus resource [mem 0xc0000000-0xfebfffff window]
May 31 08:59:56 localhost kernel: [    0.638860] pci_bus 0000:00: root bus resource [bus 00-ff]
May 31 08:59:56 localhost kernel: [    0.639668] pci 0000:00:00.0: [8086:1237] type 00 class 0x060000
May 31 08:59:56 localhost kernel: [    0.640039] pci 0000:00:01.0: [8086:7110] type 00 class 0x060100
May 31 08:59:56 localhost kernel: [    0.653540] pci 0000:00:01.3: [8086:7113] type 00 class 0x068000
May 31 08:59:56 localhost kernel: [    0.665710] pci 0000:00:01.3: quirk: [io  0xb000-0xb03f] claimed by PIIX4 ACPI
May 31 08:59:56 localhost kernel: [    0.666996] pci 0000:00:03.0: [1af4:1004] type 00 class 0x000000
May 31 08:59:56 localhost kernel: [    0.671075] pci 0000:00:03.0: reg 0x10: [io  0xc000-0xc03f]
May 31 08:59:56 localhost kernel: [    0.676044] pci 0000:00:03.0: reg 0x14: [mem 0xfebfe000-0xfebfe07f]
May 31 08:59:56 localhost kernel: [    0.690432] pci 0000:00:04.0: [1af4:1000] type 00 class 0x020000
May 31 08:59:56 localhost kernel: [    0.694253] pci 0000:00:04.0: reg 0x10: [io  0xc040-0xc07f]
May 31 08:59:56 localhost kernel: [    0.698897] pci 0000:00:04.0: reg 0x14: [mem 0xfebff000-0xfebff0ff]
May 31 08:59:56 localhost kernel: [    0.712411] ACPI: PCI Interrupt Link [LNKA] (IRQs 5 *10 11)
May 31 08:59:56 localhost kernel: [    0.714376] ACPI: PCI Interrupt Link [LNKB] (IRQs 5 *10 11)
May 31 08:59:56 localhost kernel: [    0.716368] ACPI: PCI Interrupt Link [LNKC] (IRQs 5 10 *11)
May 31 08:59:56 localhost kernel: [    0.718228] ACPI: PCI Interrupt Link [LNKD] (IRQs 5 10 *11)
May 31 08:59:56 localhost kernel: [    0.720085] ACPI: PCI Interrupt Link [LNKS] (IRQs *9)
May 31 08:59:56 localhost kernel: [    0.740140] ACPI: Enabled 16 GPEs in block 00 to 0F
May 31 08:59:56 localhost kernel: [    0.741155] vgaarb: loaded
May 31 08:59:56 localhost kernel: [    0.741710] PCI: Using ACPI for IRQ routing
May 31 08:59:56 localhost kernel: [    0.742289] PCI: pci_cache_line_size set to 64 bytes
May 31 08:59:56 localhost kernel: [    0.742373] e820: reserve RAM buffer [mem 0x0009fc00-0x0009ffff]
May 31 08:59:56 localhost kernel: [    0.742374] e820: reserve RAM buffer [mem 0xbfff3000-0xbfffffff]
May 31 08:59:56 localhost kernel: [    0.742632] clocksource: Switched to clocksource kvm-clock
May 31 08:59:56 localhost kernel: [    0.750786] VFS: Disk quotas dquot_6.6.0
May 31 08:59:56 localhost kernel: [    0.751391] VFS: Dquot-cache hash table entries: 512 (order 0, 4096 bytes)
May 31 08:59:56 localhost kernel: [    0.752388] pnp: PnP ACPI init
May 31 08:59:56 localhost kernel: [    0.752891] pnp 00:00: Plug and Play ACPI device, IDs PNP0b00 (active)
May 31 08:59:56 localhost kernel: [    0.752949] pnp 00:01: Plug and Play ACPI device, IDs PNP0303 (active)
May 31 08:59:56 localhost kernel: [    0.752994] pnp 00:02: Plug and Play ACPI device, IDs PNP0f13 (active)
May 31 08:59:56 localhost kernel: [    0.753045] pnp 00:03: Plug and Play ACPI device, IDs PNP0501 (active)
May 31 08:59:56 localhost kernel: [    0.753088] pnp 00:04: Plug and Play ACPI device, IDs PNP0501 (active)
May 31 08:59:56 localhost kernel: [    0.753130] pnp 00:05: Plug and Play ACPI device, IDs PNP0501 (active)
May 31 08:59:56 localhost kernel: [    0.753171] pnp 00:06: Plug and Play ACPI device, IDs PNP0501 (active)
May 31 08:59:56 localhost kernel: [    0.753339] pnp: PnP ACPI: found 7 devices
May 31 08:59:56 localhost kernel: [    0.761101] clocksource: acpi_pm: mask: 0xffffff max_cycles: 0xffffff, max_idle_ns: 2085701024 ns
May 31 08:59:56 localhost kernel: [    0.762310] pci_bus 0000:00: resource 4 [io  0x0000-0x0cf7 window]
May 31 08:59:56 localhost kernel: [    0.762311] pci_bus 0000:00: resource 5 [io  0x0d00-0xffff window]
May 31 08:59:56 localhost kernel: [    0.762312] pci_bus 0000:00: resource 6 [mem 0x000a0000-0x000bffff window]
May 31 08:59:56 localhost kernel: [    0.762314] pci_bus 0000:00: resource 7 [mem 0xc0000000-0xfebfffff window]
May 31 08:59:56 localhost kernel: [    0.762418] NET: Registered protocol family 2
May 31 08:59:56 localhost kernel: [    0.763223] TCP established hash table entries: 131072 (order: 8, 1048576 bytes)
May 31 08:59:56 localhost kernel: [    0.765081] TCP bind hash table entries: 65536 (order: 8, 1048576 bytes)
May 31 08:59:56 localhost kernel: [    0.766129] TCP: Hash tables configured (established 131072 bind 65536)
May 31 08:59:56 localhost kernel: [    0.767052] UDP hash table entries: 8192 (order: 6, 262144 bytes)
May 31 08:59:56 localhost kernel: [    0.767925] UDP-Lite hash table entries: 8192 (order: 6, 262144 bytes)
May 31 08:59:56 localhost kernel: [    0.768941] NET: Registered protocol family 1
May 31 08:59:56 localhost kernel: [    0.769546] pci 0000:00:00.0: Limiting direct PCI/PCI transfers
May 31 08:59:56 localhost kernel: [    0.770411] PCI: CLS 0 bytes, default 64
May 31 08:59:56 localhost kernel: [    0.770459] Unpacking initramfs...
May 31 08:59:56 localhost kernel: [    1.064453] Freeing initrd memory: 17692K
May 31 08:59:56 localhost kernel: [    1.065926] PCI-DMA: Using software bounce buffering for IO (SWIOTLB)
May 31 08:59:56 localhost kernel: [    1.066830] software IO TLB [mem 0xbbff3000-0xbfff3000] (64MB) mapped at [ffff9f673bff3000-ffff9f673fff2fff]
May 31 08:59:56 localhost kernel: [    1.068577] audit: initializing netlink subsys (disabled)
May 31 08:59:56 localhost kernel: [    1.069365] audit: type=2000 audit(1527757191.262:1): initialized
May 31 08:59:56 localhost kernel: [    1.070535] workingset: timestamp_bits=40 max_order=22 bucket_order=0
May 31 08:59:56 localhost kernel: [    1.071525] zbud: loaded
May 31 08:59:56 localhost kernel: [    1.072881] Block layer SCSI generic (bsg) driver version 0.4 loaded (major 250)
May 31 08:59:56 localhost kernel: [    1.073933] io scheduler noop registered (default)
May 31 08:59:56 localhost kernel: [    1.074627] io scheduler deadline registered
May 31 08:59:56 localhost kernel: [    1.075238] io scheduler cfq registered
May 31 08:59:56 localhost kernel: [    1.075819] pci_hotplug: PCI Hot Plug PCI Core version: 0.5
May 31 08:59:56 localhost kernel: [    1.076641] pciehp: PCI Express Hot Plug Controller Driver version: 0.4
May 31 08:59:56 localhost kernel: [    1.077537] intel_idle: does not run on family 6 model 85
May 31 08:59:56 localhost kernel: [    1.077713] GHES: HEST is not enabled!
May 31 08:59:56 localhost kernel: [    1.078294] Serial: 8250/16550 driver, 4 ports, IRQ sharing enabled
May 31 08:59:56 localhost kernel: [    1.100451] 00:03: ttyS0 at I/O 0x3f8 (irq = 4, base_baud = 115200) is a 16550A
May 31 08:59:56 localhost kernel: [    1.123570] 00:04: ttyS1 at I/O 0x2f8 (irq = 3, base_baud = 115200) is a 16550A
May 31 08:59:56 localhost kernel: [    1.145604] 00:05: ttyS2 at I/O 0x3e8 (irq = 6, base_baud = 115200) is a 16550A
May 31 08:59:56 localhost kernel: [    1.168065] 00:06: ttyS3 at I/O 0x2e8 (irq = 7, base_baud = 115200) is a 16550A
May 31 08:59:56 localhost kernel: [    1.170710] Linux agpgart interface v0.103
May 31 08:59:56 localhost kernel: [    1.171542] AMD IOMMUv2 driver by Joerg Roedel <jroedel@suse.de>
May 31 08:59:56 localhost kernel: [    1.173046] AMD IOMMUv2 functionality not available on this system
May 31 08:59:56 localhost kernel: [    1.174963] i8042: PNP: PS/2 Controller [PNP0303:KBD,PNP0f13:MOU] at 0x60,0x64 irq 1,12
May 31 08:59:56 localhost kernel: [    1.177753] i8042: Warning: Keylock active
May 31 08:59:56 localhost kernel: [    1.179311] serio: i8042 KBD port at 0x60,0x64 irq 1
May 31 08:59:56 localhost kernel: [    1.180378] serio: i8042 AUX port at 0x60,0x64 irq 12
May 31 08:59:56 localhost kernel: [    1.181406] mousedev: PS/2 mouse device common for all mice
May 31 08:59:56 localhost kernel: [    1.182922] rtc_cmos 00:00: RTC can wake from S4
May 31 08:59:56 localhost kernel: [    1.184126] rtc_cmos 00:00: rtc core: registered rtc_cmos as rtc0
May 31 08:59:56 localhost kernel: [    1.185331] rtc_cmos 00:00: alarms up to one day, 114 bytes nvram
May 31 08:59:56 localhost kernel: [    1.186554] ledtrig-cpu: registered to indicate activity on CPUs
May 31 08:59:56 localhost kernel: [    1.189205] NET: Registered protocol family 10
May 31 08:59:56 localhost kernel: [    1.190324] mip6: Mobile IPv6
May 31 08:59:56 localhost kernel: [    1.191098] NET: Registered protocol family 17
May 31 08:59:56 localhost kernel: [    1.192217] mpls_gso: MPLS GSO support
May 31 08:59:56 localhost kernel: [    1.193509] registered taskstats version 1
May 31 08:59:56 localhost kernel: [    1.194476] zswap: loaded using pool lzo/zbud
May 31 08:59:56 localhost kernel: [    1.195751] ima: No TPM chip found, activating TPM-bypass!
May 31 08:59:56 localhost kernel: [    1.196710] rtc_cmos 00:00: setting system clock to 2018-05-31 08:59:51 UTC (1527757191)
May 31 08:59:56 localhost kernel: [    1.198776] PM: Hibernation image not present or could not be loaded.
May 31 08:59:56 localhost kernel: [    1.200208] Freeing unused kernel memory: 1416K
May 31 08:59:56 localhost kernel: [    1.200841] Write protecting the kernel read-only data: 12288k
May 31 08:59:56 localhost kernel: [    1.202266] Freeing unused kernel memory: 1936K
May 31 08:59:56 localhost kernel: [    1.204826] Freeing unused kernel memory: 1228K
May 31 08:59:56 localhost kernel: [    1.209537] x86/mm: Checked W+X mappings: passed, no W+X pages found.
May 31 08:59:56 localhost kernel: [    1.222563] random: systemd-udevd: uninitialized urandom read (16 bytes read)
May 31 08:59:56 localhost kernel: [    1.223500] random: udevadm: uninitialized urandom read (16 bytes read)
May 31 08:59:56 localhost kernel: [    1.223526] random: udevadm: uninitialized urandom read (16 bytes read)
May 31 08:59:56 localhost kernel: [    1.223927] random: udevadm: uninitialized urandom read (16 bytes read)
May 31 08:59:56 localhost kernel: [    1.223973] random: udevadm: uninitialized urandom read (16 bytes read)
May 31 08:59:56 localhost kernel: [    1.223983] random: udevadm: uninitialized urandom read (16 bytes read)
May 31 08:59:56 localhost kernel: [    1.224158] random: udevadm: uninitialized urandom read (16 bytes read)
May 31 08:59:56 localhost kernel: [    1.224198] random: udevadm: uninitialized urandom read (16 bytes read)
May 31 08:59:56 localhost kernel: [    1.224240] random: udevadm: uninitialized urandom read (16 bytes read)
May 31 08:59:56 localhost kernel: [    1.224276] random: udevadm: uninitialized urandom read (16 bytes read)
May 31 08:59:56 localhost kernel: [    1.259929] piix4_smbus 0000:00:01.3: SMBus base address uninitialized - upgrade BIOS or use force_addr=0xaddr
May 31 08:59:56 localhost kernel: [    1.265998] AVX2 version of gcm_enc/dec engaged.
May 31 08:59:56 localhost kernel: [    1.266724] AES CTR mode by8 optimization enabled
May 31 08:59:56 localhost kernel: [    1.269206] ACPI: PCI Interrupt Link [LNKC] enabled at IRQ 11
May 31 08:59:56 localhost kernel: [    1.270087] virtio-pci 0000:00:03.0: virtio_pci: leaving for legacy driver
May 31 08:59:56 localhost kernel: [    1.274599] ACPI: PCI Interrupt Link [LNKD] enabled at IRQ 10
May 31 08:59:56 localhost kernel: [    1.275566] virtio-pci 0000:00:04.0: virtio_pci: leaving for legacy driver
May 31 08:59:56 localhost kernel: [    1.293581] SCSI subsystem initialized
May 31 08:59:56 localhost kernel: [    1.316035] scsi host0: Virtio SCSI HBA
May 31 08:59:56 localhost kernel: [    1.319930] scsi 0:0:1:0: Direct-Access     Google   PersistentDisk   1    PQ: 0 ANSI: 6
May 31 08:59:56 localhost kernel: [    1.378948] random: fast init done
May 31 08:59:56 localhost kernel: [    1.385604] sd 0:0:1:0: [sda] 52428800 512-byte logical blocks: (26.8 GB/25.0 GiB)
May 31 08:59:56 localhost kernel: [    1.386721] sd 0:0:1:0: [sda] 4096-byte physical blocks
May 31 08:59:56 localhost kernel: [    1.387818] sd 0:0:1:0: [sda] Write Protect is off
May 31 08:59:56 localhost kernel: [    1.388499] sd 0:0:1:0: [sda] Mode Sense: 1f 00 00 08
May 31 08:59:56 localhost kernel: [    1.388549] sd 0:0:1:0: [sda] Write cache: enabled, read cache: enabled, doesn't support DPO or FUA
May 31 08:59:56 localhost kernel: [    1.390856] input: AT Translated Set 2 keyboard as /devices/platform/i8042/serio0/input/input0
May 31 08:59:56 localhost kernel: [    1.392062]  sda: sda1
May 31 08:59:56 localhost kernel: [    1.393079] sd 0:0:1:0: [sda] Attached SCSI disk
May 31 08:59:56 localhost kernel: [    2.043637] input: ImExPS/2 Generic Explorer Mouse as /devices/platform/i8042/serio1/input/input2
May 31 08:59:56 localhost kernel: [    2.094700] tsc: Refined TSC clocksource calibration: 2000.000 MHz
May 31 08:59:56 localhost kernel: [    2.095611] clocksource: tsc: mask: 0xffffffffffffffff max_cycles: 0x39a85c9bff6, max_idle_ns: 881590591483 ns
May 31 08:59:56 localhost kernel: [    2.611880] EXT4-fs (sda1): mounted filesystem with ordered data mode. Opts: (null)
May 31 08:59:56 localhost kernel: [    4.169388] ip_tables: (C) 2000-2006 Netfilter Core Team
May 31 08:59:56 localhost kernel: [    5.321783] EXT4-fs (sda1): re-mounted. Opts: (null)
May 31 08:59:56 localhost kernel: [    5.848332] RAPL PMU: API unit is 2^-32 Joules, 3 fixed counters, 10737418240 ms ovfl timer
May 31 08:59:56 localhost kernel: [    5.849505] RAPL PMU: hw unit of domain pp0-core 2^-0 Joules
May 31 08:59:56 localhost kernel: [    5.850295] RAPL PMU: hw unit of domain package 2^-0 Joules
May 31 08:59:56 localhost kernel: [    5.851057] RAPL PMU: hw unit of domain dram 2^-16 Joules
May 31 08:59:56 localhost kernel: [    5.891138] input: Power Button as /devices/LNXSYSTM:00/LNXPWRBN:00/input/input3
May 31 08:59:56 localhost kernel: [    5.892234] ACPI: Power Button [PWRF]
May 31 08:59:56 localhost kernel: [    5.892846] input: Sleep Button as /devices/LNXSYSTM:00/LNXSLPBN:00/input/input4
May 31 08:59:56 localhost kernel: [    5.893909] ACPI: Sleep Button [SLPF]
May 31 08:59:56 localhost kernel: [    5.967720] EDAC MC: Ver: 3.0.0
May 31 08:59:56 localhost kernel: [    6.027733] sd 0:0:1:0: Attached scsi generic sg0 type 0
May 31 08:59:57 localhost dhclient[556]: Internet Systems Consortium DHCP Client 4.3.5
May 31 08:59:57 localhost ifup[521]: Internet Systems Consortium DHCP Client 4.3.5
May 31 08:59:57 localhost ifup[521]: Copyright 2004-2016 Internet Systems Consortium.
May 31 08:59:57 localhost ifup[521]: All rights reserved.
May 31 08:59:57 localhost ifup[521]: For info, please visit https://www.isc.org/software/dhcp/
May 31 08:59:57 localhost dhclient[556]: Copyright 2004-2016 Internet Systems Consortium.
May 31 08:59:57 localhost dhclient[556]: All rights reserved.
May 31 08:59:57 localhost dhclient[556]: For info, please visit https://www.isc.org/software/dhcp/
May 31 08:59:57 localhost dhclient[556]: 
May 31 08:59:57 localhost expand-root.sh[518]: NOCHANGE: partition 1 is size 52424671. it cannot be grown
May 31 08:59:57 localhost expand-root.sh[518]: Resizing ext4 filesystem on /dev/sda1
May 31 08:59:57 localhost expand-root.sh[518]: resize2fs 1.43.4 (31-Jan-2017)
May 31 08:59:57 localhost expand-root.sh[518]: The filesystem is already 6553083 (4k) blocks long.  Nothing to do!
May 31 08:59:57 localhost systemd[1]: Started Expand the root partition and filesystem on boot.
May 31 08:59:57 localhost dhclient[556]: Listening on LPF/eth0/42:01:0a:a4:00:02
May 31 08:59:57 localhost ifup[521]: Listening on LPF/eth0/42:01:0a:a4:00:02
May 31 08:59:57 localhost ifup[521]: Sending on   LPF/eth0/42:01:0a:a4:00:02
May 31 08:59:57 localhost ifup[521]: Sending on   Socket/fallback
May 31 08:59:57 localhost ifup[521]: DHCPREQUEST of 10.164.0.2 on eth0 to 255.255.255.255 port 67
May 31 08:59:57 localhost dhclient[556]: Sending on   LPF/eth0/42:01:0a:a4:00:02
May 31 08:59:57 localhost ifup[521]: DHCPACK of 10.164.0.2 from 169.254.169.254
May 31 08:59:57 localhost dhclient[556]: Sending on   Socket/fallback
May 31 08:59:57 localhost dhclient[556]: DHCPREQUEST of 10.164.0.2 on eth0 to 255.255.255.255 port 67
May 31 08:59:57 localhost dhclient[556]: DHCPACK of 10.164.0.2 from 169.254.169.254
May 31 08:59:57 jenkins-1-vm systemd[1]: Stopping System Logging Service...
May 31 08:59:57 jenkins-1-vm kernel: [    7.068067] random: crng init done
